[neural 22:22:29] neural mover: control bundle_0256 C1 ef8c7d29d031 (== control_final's mover)
[neural 22:22:39] ckpt_0: setup EMA c549bc02e974, 2560 distinct formations
[neural 22:22:50] ckpt_1024: setup EMA c0f532e75d80, 2560 distinct formations
[neural 22:23:36] ckpt_1024: 64/2560 games (chunk 0)
[neural 22:24:16] ckpt_1024: 128/2560 games (chunk 1)
[neural 22:24:57] ckpt_1024: 192/2560 games (chunk 2)
[neural 22:25:36] ckpt_1024: 256/2560 games (chunk 3)
[neural 22:26:18] ckpt_1024: 320/2560 games (chunk 4)
[neural 22:26:53] ckpt_1024: 384/2560 games (chunk 5)
[neural 22:27:33] ckpt_1024: 448/2560 games (chunk 6)
[neural 22:28:11] ckpt_1024: 512/2560 games (chunk 7)
[neural 22:28:43] ckpt_1024: 576/2560 games (chunk 8)
[neural 22:29:17] ckpt_1024: 640/2560 games (chunk 9)
[neural 22:29:45] ckpt_1024: 704/2560 games (chunk 10)
[neural 22:30:12] ckpt_1024: 768/2560 games (chunk 11)
[neural 22:30:46] ckpt_1024: 832/2560 games (chunk 12)
[neural 22:31:21] ckpt_1024: 896/2560 games (chunk 13)
[neural 22:31:49] ckpt_1024: 960/2560 games (chunk 14)
[neural 22:32:21] ckpt_1024: 1024/2560 games (chunk 15)
[neural 22:32:50] ckpt_1024: 1088/2560 games (chunk 16)
[neural 22:33:16] ckpt_1024: 1152/2560 games (chunk 17)
[neural 22:33:47] ckpt_1024: 1216/2560 games (chunk 18)
[neural 22:34:12] ckpt_1024: 1280/2560 games (chunk 19)
[neural 22:34:43] ckpt_1024: 1344/2560 games (chunk 20)
[neural 22:35:18] ckpt_1024: 1408/2560 games (chunk 21)
[neural 22:35:47] ckpt_1024: 1472/2560 games (chunk 22)
[neural 22:36:19] ckpt_1024: 1536/2560 games (chunk 23)
[neural 22:36:48] ckpt_1024: 1600/2560 games (chunk 24)
[neural 22:37:22] ckpt_1024: 1664/2560 games (chunk 25)
[neural 22:37:52] ckpt_1024: 1728/2560 games (chunk 26)
[neural 22:38:25] ckpt_1024: 1792/2560 games (chunk 27)
[neural 22:38:53] ckpt_1024: 1856/2560 games (chunk 28)
[neural 22:39:24] ckpt_1024: 1920/2560 games (chunk 29)
[neural 22:39:56] ckpt_1024: 1984/2560 games (chunk 30)
[neural 22:40:29] ckpt_1024: 2048/2560 games (chunk 31)
[neural 22:40:53] ckpt_1024: 2112/2560 games (chunk 32)
[neural 22:41:28] ckpt_1024: 2176/2560 games (chunk 33)
[neural 22:41:59] ckpt_1024: 2240/2560 games (chunk 34)
[neural 22:42:38] ckpt_1024: 2304/2560 games (chunk 35)
[neural 22:43:19] ckpt_1024: 2368/2560 games (chunk 36)
[neural 22:43:55] ckpt_1024: 2432/2560 games (chunk 37)
[neural 22:44:15] ckpt_1024: 2496/2560 games (chunk 38)
[neural 22:44:42] ckpt_1024: 2560/2560 games (chunk 39)
[neural 22:44:42] ckpt_1024: 2560 games, EWR 0.7324, errors 0, reconciles True, 1311s
[neural 22:45:28] library: 64/2560 games (chunk 0)
[neural 22:46:14] library: 128/2560 games (chunk 1)
[neural 22:46:53] library: 192/2560 games (chunk 2)
[neural 22:47:35] library: 256/2560 games (chunk 3)
[neural 22:48:17] library: 320/2560 games (chunk 4)
[neural 22:48:58] library: 384/2560 games (chunk 5)
[neural 22:49:37] library: 448/2560 games (chunk 6)
[neural 22:50:14] library: 512/2560 games (chunk 7)
[neural 22:50:48] library: 576/2560 games (chunk 8)
[neural 22:51:20] library: 640/2560 games (chunk 9)
[neural 22:51:45] library: 704/2560 games (chunk 10)
[neural 22:52:07] library: 768/2560 games (chunk 11)
[neural 22:52:35] library: 832/2560 games (chunk 12)
[neural 22:53:06] library: 896/2560 games (chunk 13)
[neural 22:53:35] library: 960/2560 games (chunk 14)
[neural 22:54:03] library: 1024/2560 games (chunk 15)
[neural 22:54:34] library: 1088/2560 games (chunk 16)
[neural 22:55:03] library: 1152/2560 games (chunk 17)
[neural 22:55:32] library: 1216/2560 games (chunk 18)
[neural 22:56:02] library: 1280/2560 games (chunk 19)
[neural 22:56:30] library: 1344/2560 games (chunk 20)
[neural 22:56:58] library: 1408/2560 games (chunk 21)
[neural 22:57:27] library: 1472/2560 games (chunk 22)
[neural 22:57:59] library: 1536/2560 games (chunk 23)
[neural 22:58:29] library: 1600/2560 games (chunk 24)
[neural 22:59:01] library: 1664/2560 games (chunk 25)
[neural 22:59:30] library: 1728/2560 games (chunk 26)
[neural 23:00:04] library: 1792/2560 games (chunk 27)
[neural 23:00:32] library: 1856/2560 games (chunk 28)
[neural 23:00:57] library: 1920/2560 games (chunk 29)
[neural 23:01:32] library: 1984/2560 games (chunk 30)
[neural 23:02:10] library: 2048/2560 games (chunk 31)
[neural 23:02:39] library: 2112/2560 games (chunk 32)
[neural 23:03:12] library: 2176/2560 games (chunk 33)
[neural 23:03:44] library: 2240/2560 games (chunk 34)
[neural 23:04:20] library: 2304/2560 games (chunk 35)
[neural 23:05:02] library: 2368/2560 games (chunk 36)
[neural 23:05:33] library: 2432/2560 games (chunk 37)
[neural 23:05:49] library: 2496/2560 games (chunk 38)
[neural 23:06:12] library: 2560/2560 games (chunk 39)
[neural 23:06:12] library: 2560 games, EWR 0.6648, errors 0, reconciles True, 1290s
[neural 23:06:50] ckpt_0: 64/2560 games (chunk 0)
[neural 23:07:25] ckpt_0: 128/2560 games (chunk 1)
[neural 23:07:59] ckpt_0: 192/2560 games (chunk 2)
[neural 23:08:33] ckpt_0: 256/2560 games (chunk 3)
[neural 23:09:03] ckpt_0: 320/2560 games (chunk 4)
[neural 23:09:32] ckpt_0: 384/2560 games (chunk 5)
[neural 23:10:08] ckpt_0: 448/2560 games (chunk 6)
[neural 23:10:39] ckpt_0: 512/2560 games (chunk 7)
[neural 23:11:05] ckpt_0: 576/2560 games (chunk 8)
[neural 23:11:35] ckpt_0: 640/2560 games (chunk 9)
[neural 23:11:57] ckpt_0: 704/2560 games (chunk 10)
[neural 23:12:17] ckpt_0: 768/2560 games (chunk 11)
[neural 23:12:42] ckpt_0: 832/2560 games (chunk 12)
[neural 23:13:07] ckpt_0: 896/2560 games (chunk 13)
[neural 23:13:29] ckpt_0: 960/2560 games (chunk 14)
[neural 23:13:56] ckpt_0: 1024/2560 games (chunk 15)
[neural 23:14:20] ckpt_0: 1088/2560 games (chunk 16)
[neural 23:14:43] ckpt_0: 1152/2560 games (chunk 17)
[neural 23:15:11] ckpt_0: 1216/2560 games (chunk 18)
[neural 23:15:36] ckpt_0: 1280/2560 games (chunk 19)
[neural 23:15:59] ckpt_0: 1344/2560 games (chunk 20)
[neural 23:16:25] ckpt_0: 1408/2560 games (chunk 21)
[neural 23:16:46] ckpt_0: 1472/2560 games (chunk 22)
[neural 23:17:15] ckpt_0: 1536/2560 games (chunk 23)
[neural 23:17:37] ckpt_0: 1600/2560 games (chunk 24)
[neural 23:18:07] ckpt_0: 1664/2560 games (chunk 25)
[neural 23:18:30] ckpt_0: 1728/2560 games (chunk 26)
[neural 23:19:04] ckpt_0: 1792/2560 games (chunk 27)
[neural 23:19:27] ckpt_0: 1856/2560 games (chunk 28)
[neural 23:19:54] ckpt_0: 1920/2560 games (chunk 29)
[neural 23:20:23] ckpt_0: 1984/2560 games (chunk 30)
[neural 23:20:55] ckpt_0: 2048/2560 games (chunk 31)
[neural 23:21:20] ckpt_0: 2112/2560 games (chunk 32)
[neural 23:21:47] ckpt_0: 2176/2560 games (chunk 33)
[neural 23:22:16] ckpt_0: 2240/2560 games (chunk 34)
[neural 23:22:50] ckpt_0: 2304/2560 games (chunk 35)
[neural 23:23:22] ckpt_0: 2368/2560 games (chunk 36)
[neural 23:23:51] ckpt_0: 2432/2560 games (chunk 37)
[neural 23:24:09] ckpt_0: 2496/2560 games (chunk 38)
[neural 23:24:30] ckpt_0: 2560/2560 games (chunk 39)
[neural 23:24:30] ckpt_0: 2560 games, EWR 0.4824, errors 0, reconciles True, 1098s
[neural 23:24:30] NEURAL EVAL DONE
