[baselines 14:26:33] untrained: 64/2560 games (chunk 0)
[baselines 14:27:40] untrained: 128/2560 games (chunk 1)
[baselines 14:28:52] untrained: 192/2560 games (chunk 2)
[baselines 14:30:10] untrained: 256/2560 games (chunk 3)
[baselines 14:31:28] untrained: 320/2560 games (chunk 4)
[baselines 14:32:50] untrained: 384/2560 games (chunk 5)
[baselines 14:34:06] untrained: 448/2560 games (chunk 6)
[baselines 14:35:24] untrained: 512/2560 games (chunk 7)
[baselines 14:36:39] untrained: 576/2560 games (chunk 8)
[baselines 14:38:05] untrained: 640/2560 games (chunk 9)
[baselines 14:39:28] untrained: 704/2560 games (chunk 10)
[baselines 14:40:41] untrained: 768/2560 games (chunk 11)
[baselines 14:42:06] untrained: 832/2560 games (chunk 12)
[baselines 14:43:28] untrained: 896/2560 games (chunk 13)
[baselines 14:44:38] untrained: 960/2560 games (chunk 14)
[baselines 14:45:55] untrained: 1024/2560 games (chunk 15)
[baselines 14:47:14] untrained: 1088/2560 games (chunk 16)
[baselines 14:48:31] untrained: 1152/2560 games (chunk 17)
[baselines 14:49:36] untrained: 1216/2560 games (chunk 18)
[baselines 14:50:58] untrained: 1280/2560 games (chunk 19)
[baselines 14:52:20] untrained: 1344/2560 games (chunk 20)
[baselines 14:53:32] untrained: 1408/2560 games (chunk 21)
[baselines 14:54:44] untrained: 1472/2560 games (chunk 22)
[baselines 14:56:05] untrained: 1536/2560 games (chunk 23)
[baselines 14:57:18] untrained: 1600/2560 games (chunk 24)
[baselines 14:58:36] untrained: 1664/2560 games (chunk 25)
[baselines 14:59:59] untrained: 1728/2560 games (chunk 26)
[baselines 15:01:26] untrained: 1792/2560 games (chunk 27)
[baselines 15:02:47] untrained: 1856/2560 games (chunk 28)
[baselines 15:04:12] untrained: 1920/2560 games (chunk 29)
[baselines 15:05:31] untrained: 1984/2560 games (chunk 30)
[baselines 15:06:49] untrained: 2048/2560 games (chunk 31)
[baselines 15:08:01] untrained: 2112/2560 games (chunk 32)
[baselines 15:09:17] untrained: 2176/2560 games (chunk 33)
[baselines 15:10:46] untrained: 2240/2560 games (chunk 34)
[baselines 15:12:04] untrained: 2304/2560 games (chunk 35)
[baselines 15:13:24] untrained: 2368/2560 games (chunk 36)
[baselines 15:14:39] untrained: 2432/2560 games (chunk 37)
[baselines 15:15:44] untrained: 2496/2560 games (chunk 38)
[baselines 15:16:51] untrained: 2560/2560 games (chunk 39)
[baselines 15:16:52] untrained: C1 cfe60bb0cb34 setup 082ff778379f EWR 0.2770
[baselines 15:16:52] Phase 8 warm-start export loaded: {'owner_name': 'phase8_warmstart', 'neural_worker_version': 'neural_worker_v1', 'checkpoint_path': '/Users/brandonwashington/Dev/Github/stratego/gpt_agent/checkpoints/phase8/agent07/warmstart_eval.pt', 'checkpoint_file_digest': 'cc018c08a40fe178d6f16a5d13f92a2c5fbe33206f91929578cab6d6183f4a1f', 'state_dict_digest': '65492b5a151691fd0da97a586ecf4320d8319fc2f16e25901a35e02dc8d5fc8d', 'model_architecture_id': 'stratego_transformer_v1', 'model_configuration': {'candidate_id': 'C1', 'width': 128, 'blocks': 4, 'heads': 4, 'feed_forward_width': 512, 'input_channels': 127, 'board_tokens': 100, 'policy_size': 10000, 'value_classes': 3, 'belief_classes': 12, 'position_encoding': 'learned_row_column_v1', 'normalization': 'pre_layernorm', 'dropout': 0.0, 'architecture_family_version': 'architecture_family_v1'}, 'model_contract_version': 'model_contract_v2', 'policy_action_frame': 'perspective_normalized_squares', 'engine_action_frame': 'absolute_engine_squares', 'rules_version': 'stratego_project_v1', 'observation_version': 'observation_v2_1_127ch', 'action_encoding_version': 'source_destination_10000_v1', 'parameter_count': 863959, 'device': 'mps', 'dtype': 'float32', 'decision_mode': 'greedy', 'batch_policy': 'single_request', 'max_batch_size': 1, 'checkpoint_load_count': 1, 'checkpoint_load_seconds': 0.035168}
[baselines 15:18:25] phase8@library: 64/2560 games (chunk 0)
[baselines 15:19:29] phase8@library: 128/2560 games (chunk 1)
[baselines 15:20:26] phase8@library: 192/2560 games (chunk 2)
[baselines 15:21:28] phase8@library: 256/2560 games (chunk 3)
[baselines 15:22:30] phase8@library: 320/2560 games (chunk 4)
[baselines 15:23:25] phase8@library: 384/2560 games (chunk 5)
[baselines 15:24:22] phase8@library: 448/2560 games (chunk 6)
[baselines 15:25:16] phase8@library: 512/2560 games (chunk 7)
[baselines 15:26:02] phase8@library: 576/2560 games (chunk 8)
[baselines 15:26:54] phase8@library: 640/2560 games (chunk 9)
[baselines 15:27:31] phase8@library: 704/2560 games (chunk 10)
[baselines 15:28:04] phase8@library: 768/2560 games (chunk 11)
[baselines 15:28:43] phase8@library: 832/2560 games (chunk 12)
[baselines 15:29:33] phase8@library: 896/2560 games (chunk 13)
[baselines 15:30:17] phase8@library: 960/2560 games (chunk 14)
[baselines 15:31:02] phase8@library: 1024/2560 games (chunk 15)
[baselines 15:31:53] phase8@library: 1088/2560 games (chunk 16)
[baselines 15:32:41] phase8@library: 1152/2560 games (chunk 17)
[baselines 15:33:21] phase8@library: 1216/2560 games (chunk 18)
[baselines 15:34:05] phase8@library: 1280/2560 games (chunk 19)
[baselines 15:34:50] phase8@library: 1344/2560 games (chunk 20)
[baselines 15:35:30] phase8@library: 1408/2560 games (chunk 21)
[baselines 15:36:07] phase8@library: 1472/2560 games (chunk 22)
[baselines 15:36:56] phase8@library: 1536/2560 games (chunk 23)
[baselines 15:37:46] phase8@library: 1600/2560 games (chunk 24)
[baselines 15:38:32] phase8@library: 1664/2560 games (chunk 25)
[baselines 15:39:13] phase8@library: 1728/2560 games (chunk 26)
[baselines 15:40:04] phase8@library: 1792/2560 games (chunk 27)
[baselines 15:40:42] phase8@library: 1856/2560 games (chunk 28)
[baselines 15:41:20] phase8@library: 1920/2560 games (chunk 29)
[baselines 15:42:10] phase8@library: 1984/2560 games (chunk 30)
[baselines 15:43:05] phase8@library: 2048/2560 games (chunk 31)
[baselines 15:43:47] phase8@library: 2112/2560 games (chunk 32)
[baselines 15:44:34] phase8@library: 2176/2560 games (chunk 33)
[baselines 15:45:17] phase8@library: 2240/2560 games (chunk 34)
[baselines 15:46:12] phase8@library: 2304/2560 games (chunk 35)
[baselines 15:47:11] phase8@library: 2368/2560 games (chunk 36)
[baselines 15:48:03] phase8@library: 2432/2560 games (chunk 37)
[baselines 15:48:28] phase8@library: 2496/2560 games (chunk 38)
[baselines 15:48:55] phase8@library: 2560/2560 games (chunk 39)
[baselines 15:48:55] phase8@library: EWR 0.6889 errors 0 reconciles True 1900s
[baselines 15:50:02] phase8@ckpt1024: 64/2560 games (chunk 0)
[baselines 15:50:55] phase8@ckpt1024: 128/2560 games (chunk 1)
[baselines 15:51:48] phase8@ckpt1024: 192/2560 games (chunk 2)
[baselines 15:52:50] phase8@ckpt1024: 256/2560 games (chunk 3)
[baselines 15:53:47] phase8@ckpt1024: 320/2560 games (chunk 4)
[baselines 15:54:40] phase8@ckpt1024: 384/2560 games (chunk 5)
[baselines 15:55:39] phase8@ckpt1024: 448/2560 games (chunk 6)
[baselines 15:56:34] phase8@ckpt1024: 512/2560 games (chunk 7)
[baselines 15:57:17] phase8@ckpt1024: 576/2560 games (chunk 8)
[baselines 15:58:05] phase8@ckpt1024: 640/2560 games (chunk 9)
[baselines 15:58:51] phase8@ckpt1024: 704/2560 games (chunk 10)
[baselines 15:59:29] phase8@ckpt1024: 768/2560 games (chunk 11)
[baselines 16:00:20] phase8@ckpt1024: 832/2560 games (chunk 12)
[baselines 16:01:07] phase8@ckpt1024: 896/2560 games (chunk 13)
[baselines 16:01:49] phase8@ckpt1024: 960/2560 games (chunk 14)
[baselines 16:02:28] phase8@ckpt1024: 1024/2560 games (chunk 15)
[baselines 16:03:19] phase8@ckpt1024: 1088/2560 games (chunk 16)
[baselines 16:04:00] phase8@ckpt1024: 1152/2560 games (chunk 17)
[baselines 16:04:46] phase8@ckpt1024: 1216/2560 games (chunk 18)
[baselines 16:05:25] phase8@ckpt1024: 1280/2560 games (chunk 19)
[baselines 16:06:06] phase8@ckpt1024: 1344/2560 games (chunk 20)
[baselines 16:06:50] phase8@ckpt1024: 1408/2560 games (chunk 21)
[baselines 16:07:31] phase8@ckpt1024: 1472/2560 games (chunk 22)
[baselines 16:08:20] phase8@ckpt1024: 1536/2560 games (chunk 23)
[baselines 16:09:03] phase8@ckpt1024: 1600/2560 games (chunk 24)
[baselines 16:09:53] phase8@ckpt1024: 1664/2560 games (chunk 25)
[baselines 16:10:36] phase8@ckpt1024: 1728/2560 games (chunk 26)
[baselines 16:11:19] phase8@ckpt1024: 1792/2560 games (chunk 27)
[baselines 16:11:59] phase8@ckpt1024: 1856/2560 games (chunk 28)
[baselines 16:12:40] phase8@ckpt1024: 1920/2560 games (chunk 29)
[baselines 16:13:23] phase8@ckpt1024: 1984/2560 games (chunk 30)
[baselines 16:14:07] phase8@ckpt1024: 2048/2560 games (chunk 31)
[baselines 16:14:46] phase8@ckpt1024: 2112/2560 games (chunk 32)
[baselines 16:15:35] phase8@ckpt1024: 2176/2560 games (chunk 33)
[baselines 16:16:18] phase8@ckpt1024: 2240/2560 games (chunk 34)
[baselines 16:17:14] phase8@ckpt1024: 2304/2560 games (chunk 35)
[baselines 16:18:12] phase8@ckpt1024: 2368/2560 games (chunk 36)
[baselines 16:18:58] phase8@ckpt1024: 2432/2560 games (chunk 37)
[baselines 16:19:22] phase8@ckpt1024: 2496/2560 games (chunk 38)
[baselines 16:20:03] phase8@ckpt1024: 2560/2560 games (chunk 39)
[baselines 16:20:03] phase8@ckpt1024: EWR 0.7248 errors 0 reconciles True 1868s
[baselines 16:21:07] phase8@g3init: 64/2560 games (chunk 0)
[baselines 16:22:02] phase8@g3init: 128/2560 games (chunk 1)
[baselines 16:22:59] phase8@g3init: 192/2560 games (chunk 2)
[baselines 16:23:59] phase8@g3init: 256/2560 games (chunk 3)
[baselines 16:24:57] phase8@g3init: 320/2560 games (chunk 4)
[baselines 16:25:48] phase8@g3init: 384/2560 games (chunk 5)
[baselines 16:26:46] phase8@g3init: 448/2560 games (chunk 6)
[baselines 16:27:35] phase8@g3init: 512/2560 games (chunk 7)
[baselines 16:28:17] phase8@g3init: 576/2560 games (chunk 8)
[baselines 16:29:07] phase8@g3init: 640/2560 games (chunk 9)
[baselines 16:29:38] phase8@g3init: 704/2560 games (chunk 10)
[baselines 16:30:08] phase8@g3init: 768/2560 games (chunk 11)
[baselines 16:30:41] phase8@g3init: 832/2560 games (chunk 12)
[baselines 16:31:13] phase8@g3init: 896/2560 games (chunk 13)
[baselines 16:31:43] phase8@g3init: 960/2560 games (chunk 14)
[baselines 16:32:18] phase8@g3init: 1024/2560 games (chunk 15)
[baselines 16:32:51] phase8@g3init: 1088/2560 games (chunk 16)
[baselines 16:33:23] phase8@g3init: 1152/2560 games (chunk 17)
[baselines 16:33:59] phase8@g3init: 1216/2560 games (chunk 18)
[baselines 16:34:31] phase8@g3init: 1280/2560 games (chunk 19)
[baselines 16:35:09] phase8@g3init: 1344/2560 games (chunk 20)
[baselines 16:35:44] phase8@g3init: 1408/2560 games (chunk 21)
[baselines 16:36:16] phase8@g3init: 1472/2560 games (chunk 22)
[baselines 16:36:58] phase8@g3init: 1536/2560 games (chunk 23)
[baselines 16:37:34] phase8@g3init: 1600/2560 games (chunk 24)
[baselines 16:38:16] phase8@g3init: 1664/2560 games (chunk 25)
[baselines 16:38:46] phase8@g3init: 1728/2560 games (chunk 26)
[baselines 16:39:27] phase8@g3init: 1792/2560 games (chunk 27)
[baselines 16:40:02] phase8@g3init: 1856/2560 games (chunk 28)
[baselines 16:40:35] phase8@g3init: 1920/2560 games (chunk 29)
[baselines 16:41:09] phase8@g3init: 1984/2560 games (chunk 30)
[baselines 16:41:48] phase8@g3init: 2048/2560 games (chunk 31)
[baselines 16:42:22] phase8@g3init: 2112/2560 games (chunk 32)
[baselines 16:42:58] phase8@g3init: 2176/2560 games (chunk 33)
[baselines 16:43:33] phase8@g3init: 2240/2560 games (chunk 34)
[baselines 16:44:13] phase8@g3init: 2304/2560 games (chunk 35)
[baselines 16:44:57] phase8@g3init: 2368/2560 games (chunk 36)
[baselines 16:45:32] phase8@g3init: 2432/2560 games (chunk 37)
[baselines 16:45:58] phase8@g3init: 2496/2560 games (chunk 38)
[baselines 16:46:29] phase8@g3init: 2560/2560 games (chunk 39)
[baselines 16:46:29] phase8@g3init: EWR 0.5891 errors 0 reconciles True 1586s
[baselines 16:46:29] BASELINES DONE
