[memwatch 09-06 17:02:58] started
[memwatch 09-06 17:02:58] free 94% swap 0.07GB workers 0 stage idle
[memwatch 09-06 17:03:58] free 94% swap 0.07GB workers 0 stage train
[memwatch 09-06 17:04:58] free 94% swap 0.07GB workers 0 stage train
[memwatch 09-06 17:05:58] free 94% swap 0.07GB workers 0 stage train
[memwatch 09-06 17:06:58] free 72% swap 0.07GB workers 12 stage train
[memwatch 09-06 17:07:58] free 71% swap 0.07GB workers 12 stage train
[memwatch 09-06 17:08:59] free 71% swap 0.07GB workers 12 stage train
[memwatch 09-06 17:09:59] free 74% swap 0.07GB workers 12 stage train
[memwatch 09-06 17:10:59] free 71% swap 0.07GB workers 12 stage train
[memwatch 09-06 17:11:59] free 72% swap 0.07GB workers 12 stage train
[memwatch 09-06 17:12:59] free 71% swap 0.07GB workers 12 stage train
[memwatch 09-06 17:13:59] free 74% swap 0.07GB workers 12 stage train
[memwatch 09-06 17:14:59] free 73% swap 0.07GB workers 12 stage train
[memwatch 09-06 17:15:59] free 73% swap 0.07GB workers 12 stage train
[memwatch 09-06 17:17:00] free 72% swap 0.07GB workers 12 stage train
[memwatch 09-06 17:18:00] free 71% swap 0.07GB workers 12 stage train
[memwatch 09-06 17:19:00] free 72% swap 0.07GB workers 12 stage train
[memwatch 09-06 17:20:00] free 69% swap 0.07GB workers 12 stage train
[memwatch 09-06 17:21:00] free 67% swap 0.07GB workers 12 stage train
[memwatch 09-06 17:22:00] free 68% swap 0.07GB workers 12 stage train
[memwatch 09-06 17:23:00] free 73% swap 0.07GB workers 12 stage train
[memwatch 09-06 17:24:00] free 72% swap 0.07GB workers 12 stage train
[memwatch 09-06 17:25:00] free 69% swap 0.07GB workers 12 stage train
[memwatch 09-06 17:26:00] free 73% swap 0.07GB workers 12 stage train
[memwatch 09-06 17:27:00] free 72% swap 0.07GB workers 12 stage train
[memwatch 09-06 17:28:01] free 73% swap 0.07GB workers 12 stage train
[memwatch 09-06 17:29:01] free 73% swap 0.07GB workers 12 stage train
[memwatch 09-06 17:30:01] free 73% swap 0.07GB workers 12 stage train
[memwatch 09-06 17:31:01] free 72% swap 0.07GB workers 12 stage train
[memwatch 09-06 17:32:01] free 72% swap 0.07GB workers 12 stage train
[memwatch 09-06 17:33:01] free 68% swap 0.07GB workers 12 stage train
[memwatch 09-06 17:34:01] free 69% swap 0.07GB workers 12 stage train
[memwatch 09-06 17:35:01] free 71% swap 0.07GB workers 12 stage train
[memwatch 09-06 17:36:01] free 70% swap 0.07GB workers 12 stage train
[memwatch 09-06 17:37:01] free 71% swap 0.07GB workers 12 stage train
[memwatch 09-06 17:38:01] free 71% swap 0.07GB workers 12 stage train
[memwatch 09-06 17:39:02] free 70% swap 0.07GB workers 12 stage train
[memwatch 09-06 17:40:02] free 71% swap 0.07GB workers 12 stage train
[memwatch 09-06 17:41:02] free 67% swap 0.07GB workers 12 stage train
[memwatch 09-06 17:42:02] free 63% swap 0.07GB workers 12 stage train
[memwatch 09-06 17:43:02] free 65% swap 0.07GB workers 12 stage train
[memwatch 09-06 17:44:02] free 68% swap 0.07GB workers 12 stage train
[memwatch 09-06 17:45:02] free 68% swap 0.07GB workers 12 stage train
[memwatch 09-06 17:46:02] free 67% swap 0.07GB workers 12 stage train
[memwatch 09-06 17:47:03] free 66% swap 0.07GB workers 12 stage train
[memwatch 09-06 17:48:03] free 65% swap 0.07GB workers 12 stage train
[memwatch 09-06 17:49:03] free 67% swap 0.07GB workers 12 stage train
[memwatch 09-06 17:50:03] free 65% swap 0.07GB workers 12 stage train
[memwatch 09-06 17:51:03] free 69% swap 0.07GB workers 12 stage train
[memwatch 09-06 17:52:03] free 65% swap 0.07GB workers 12 stage train
[memwatch 09-06 17:53:03] free 63% swap 0.07GB workers 12 stage train
[memwatch 09-06 17:54:03] free 63% swap 0.07GB workers 12 stage train
[memwatch 09-06 17:55:03] free 65% swap 0.07GB workers 12 stage train
[memwatch 09-06 17:56:03] free 69% swap 0.07GB workers 12 stage train
[memwatch 09-06 17:57:03] free 70% swap 0.07GB workers 12 stage train
[memwatch 09-06 17:58:04] free 60% swap 0.07GB workers 12 stage train
[memwatch 09-06 17:59:04] free 67% swap 0.07GB workers 12 stage train
[memwatch 09-06 18:00:04] free 64% swap 0.07GB workers 12 stage train
[memwatch 09-06 18:01:04] free 66% swap 0.07GB workers 12 stage train
[memwatch 09-06 18:02:04] free 64% swap 0.07GB workers 12 stage train
[memwatch 09-06 18:03:04] free 66% swap 0.07GB workers 12 stage train
[memwatch 09-06 18:04:04] free 63% swap 0.07GB workers 12 stage train
[memwatch 09-06 18:05:05] free 70% swap 0.07GB workers 12 stage train
[memwatch 09-06 18:06:05] free 66% swap 0.07GB workers 12 stage train
[memwatch 09-06 18:07:05] free 66% swap 0.07GB workers 12 stage train
[memwatch 09-06 18:08:05] free 63% swap 0.07GB workers 12 stage train
[memwatch 09-06 18:09:05] free 64% swap 0.07GB workers 12 stage train
[memwatch 09-06 18:10:05] free 65% swap 0.07GB workers 12 stage train
[memwatch 09-06 18:11:05] free 63% swap 0.07GB workers 12 stage train
[memwatch 09-06 18:12:06] free 66% swap 0.07GB workers 12 stage train
[memwatch 09-06 18:13:06] free 65% swap 0.07GB workers 12 stage train
[memwatch 09-06 18:14:06] free 66% swap 0.07GB workers 12 stage train
[memwatch 09-06 18:15:06] free 64% swap 0.07GB workers 12 stage train
[memwatch 09-06 18:16:06] free 62% swap 0.07GB workers 12 stage train
[memwatch 09-06 18:17:06] free 64% swap 0.07GB workers 12 stage train
[memwatch 09-06 18:18:06] free 63% swap 0.07GB workers 12 stage train
[memwatch 09-06 18:19:06] free 61% swap 0.07GB workers 12 stage train
[memwatch 09-06 18:20:06] free 62% swap 0.07GB workers 12 stage train
[memwatch 09-06 18:21:07] free 62% swap 0.07GB workers 12 stage train
[memwatch 09-06 18:22:07] free 61% swap 0.07GB workers 12 stage train
[memwatch 09-06 18:23:07] free 61% swap 0.07GB workers 12 stage train
[memwatch 09-06 18:24:07] free 58% swap 0.07GB workers 12 stage train
[memwatch 09-06 18:25:07] free 63% swap 0.07GB workers 12 stage train
[memwatch 09-06 18:26:07] free 63% swap 0.07GB workers 12 stage train
[memwatch 09-06 18:27:07] free 65% swap 0.07GB workers 12 stage train
[memwatch 09-06 18:28:07] free 65% swap 0.07GB workers 12 stage train
[memwatch 09-06 18:29:07] free 63% swap 0.07GB workers 12 stage train
[memwatch 09-06 18:30:07] free 63% swap 0.07GB workers 12 stage train
[memwatch 09-06 18:31:08] free 59% swap 0.07GB workers 12 stage train
[memwatch 09-06 18:32:08] free 63% swap 0.07GB workers 12 stage train
[memwatch 09-06 18:33:08] free 63% swap 0.07GB workers 12 stage train
[memwatch 09-06 18:34:08] free 63% swap 0.07GB workers 12 stage train
[memwatch 09-06 18:35:08] free 64% swap 0.07GB workers 12 stage train
[memwatch 09-06 18:36:08] free 62% swap 0.07GB workers 12 stage train
[memwatch 09-06 18:37:08] free 61% swap 0.07GB workers 12 stage train
[memwatch 09-06 18:38:08] free 62% swap 0.07GB workers 12 stage train
[memwatch 09-06 18:39:09] free 63% swap 0.07GB workers 12 stage train
[memwatch 09-06 18:40:09] free 63% swap 0.07GB workers 12 stage train
[memwatch 09-06 18:41:09] free 60% swap 0.07GB workers 12 stage train
[memwatch 09-06 18:42:09] free 59% swap 0.07GB workers 12 stage train
[memwatch 09-06 18:43:09] free 57% swap 0.07GB workers 12 stage train
[memwatch 09-06 18:44:09] free 61% swap 0.07GB workers 12 stage train
[memwatch 09-06 18:45:09] free 62% swap 0.07GB workers 12 stage train
[memwatch 09-06 18:46:09] free 62% swap 0.07GB workers 12 stage train
[memwatch 09-06 18:47:09] free 63% swap 0.07GB workers 12 stage train
[memwatch 09-06 18:48:09] free 62% swap 0.07GB workers 12 stage train
[memwatch 09-06 18:49:09] free 61% swap 0.07GB workers 12 stage train
[memwatch 09-06 18:50:10] free 56% swap 0.07GB workers 12 stage train
[memwatch 09-06 18:51:10] free 59% swap 0.07GB workers 12 stage train
[memwatch 09-06 18:52:10] free 59% swap 0.07GB workers 12 stage train
[memwatch 09-06 18:53:10] free 61% swap 0.07GB workers 12 stage train
[memwatch 09-06 18:54:10] free 58% swap 0.07GB workers 12 stage train
[memwatch 09-06 18:55:10] free 59% swap 0.07GB workers 12 stage train
[memwatch 09-06 18:56:10] free 59% swap 0.07GB workers 12 stage train
[memwatch 09-06 18:57:10] free 53% swap 0.07GB workers 12 stage train
[memwatch 09-06 18:58:10] free 56% swap 0.07GB workers 12 stage train
[memwatch 09-06 18:59:10] free 56% swap 0.07GB workers 12 stage train
[memwatch 09-06 19:00:11] free 55% swap 0.07GB workers 12 stage train
[memwatch 09-06 19:01:11] free 55% swap 0.07GB workers 12 stage train
[memwatch 09-06 19:02:11] free 59% swap 0.07GB workers 12 stage train
[memwatch 09-06 19:03:11] free 56% swap 0.07GB workers 12 stage train
[memwatch 09-06 19:04:11] free 56% swap 0.07GB workers 12 stage train
[memwatch 09-06 19:05:11] free 60% swap 0.07GB workers 12 stage train
[memwatch 09-06 19:06:11] free 59% swap 0.07GB workers 12 stage train
[memwatch 09-06 19:07:11] free 57% swap 0.07GB workers 12 stage train
[memwatch 09-06 19:08:11] free 56% swap 0.07GB workers 12 stage train
[memwatch 09-06 19:09:11] free 57% swap 0.07GB workers 12 stage train
[memwatch 09-06 19:10:12] free 57% swap 0.07GB workers 12 stage train
[memwatch 09-06 19:11:12] free 57% swap 0.07GB workers 12 stage train
[memwatch 09-06 19:12:12] free 58% swap 0.07GB workers 12 stage train
[memwatch 09-06 19:13:12] free 59% swap 0.07GB workers 12 stage train
[memwatch 09-06 19:14:12] free 55% swap 0.07GB workers 12 stage train
[memwatch 09-06 19:15:12] free 54% swap 0.07GB workers 12 stage train
[memwatch 09-06 19:16:12] free 53% swap 0.07GB workers 12 stage train
[memwatch 09-06 19:17:12] free 54% swap 0.07GB workers 12 stage train
[memwatch 09-06 19:18:12] free 54% swap 0.07GB workers 12 stage train
[memwatch 09-06 19:19:12] free 55% swap 0.07GB workers 12 stage train
[memwatch 09-06 19:20:13] free 53% swap 0.07GB workers 12 stage train
[memwatch 09-06 19:21:13] free 55% swap 0.07GB workers 12 stage train
[memwatch 09-06 19:22:13] free 53% swap 0.07GB workers 12 stage train
[memwatch 09-06 19:23:13] free 49% swap 0.07GB workers 12 stage train
[memwatch 09-06 19:24:13] free 51% swap 0.07GB workers 12 stage train
[memwatch 09-06 19:25:13] free 52% swap 0.07GB workers 12 stage train
[memwatch 09-06 19:26:13] free 50% swap 0.07GB workers 12 stage train
[memwatch 09-06 19:27:13] free 50% swap 0.07GB workers 12 stage train
[memwatch 09-06 19:28:14] free 49% swap 0.07GB workers 12 stage train
[memwatch 09-06 19:29:14] free 54% swap 0.07GB workers 12 stage train
[memwatch 09-06 19:30:14] free 54% swap 0.07GB workers 12 stage train
[memwatch 09-06 19:31:14] free 52% swap 0.07GB workers 12 stage train
[memwatch 09-06 19:32:14] free 51% swap 0.07GB workers 12 stage train
[memwatch 09-06 19:33:14] free 55% swap 0.07GB workers 12 stage train
[memwatch 09-06 19:34:14] free 51% swap 0.07GB workers 12 stage train
[memwatch 09-06 19:35:14] free 51% swap 0.07GB workers 12 stage train
[memwatch 09-06 19:36:14] free 50% swap 0.07GB workers 12 stage train
[memwatch 09-06 19:37:14] free 51% swap 0.07GB workers 12 stage train
[memwatch 09-06 19:38:15] free 47% swap 0.07GB workers 12 stage train
[memwatch 09-06 19:39:15] free 49% swap 0.07GB workers 12 stage train
[memwatch 09-06 19:40:15] free 49% swap 0.07GB workers 12 stage train
[memwatch 09-06 19:41:15] free 49% swap 0.07GB workers 12 stage train
[memwatch 09-06 19:42:15] free 49% swap 0.07GB workers 12 stage train
[memwatch 09-06 19:43:15] free 47% swap 0.07GB workers 12 stage train
[memwatch 09-06 19:44:15] free 48% swap 0.07GB workers 12 stage train
[memwatch 09-06 19:45:15] free 49% swap 0.07GB workers 12 stage train
[memwatch 09-06 19:46:15] free 49% swap 0.07GB workers 12 stage train
[memwatch 09-06 19:47:16] free 49% swap 0.07GB workers 12 stage train
[memwatch 09-06 19:48:16] free 56% swap 0.07GB workers 12 stage train
[memwatch 09-06 19:49:16] free 48% swap 0.07GB workers 12 stage train
[memwatch 09-06 19:50:16] free 48% swap 0.07GB workers 12 stage train
[memwatch 09-06 19:51:16] free 49% swap 0.07GB workers 12 stage train
[memwatch 09-06 19:52:16] free 48% swap 0.07GB workers 12 stage train
[memwatch 09-06 19:53:16] free 51% swap 0.07GB workers 12 stage train
[memwatch 09-06 19:54:16] free 53% swap 0.07GB workers 12 stage train
[memwatch 09-06 19:55:16] free 54% swap 0.07GB workers 12 stage train
[memwatch 09-06 19:56:16] free 54% swap 0.07GB workers 12 stage train
[memwatch 09-06 19:57:17] free 49% swap 0.07GB workers 12 stage train
[memwatch 09-06 19:58:17] free 50% swap 0.07GB workers 12 stage train
[memwatch 09-06 19:59:17] free 50% swap 0.07GB workers 12 stage train
[memwatch 09-06 20:00:17] free 45% swap 0.07GB workers 12 stage train
[memwatch 09-06 20:01:17] free 51% swap 0.07GB workers 12 stage train
[memwatch 09-06 20:02:17] free 52% swap 0.07GB workers 12 stage train
[memwatch 09-06 20:03:17] free 49% swap 0.07GB workers 12 stage train
[memwatch 09-06 20:04:17] free 50% swap 0.07GB workers 12 stage train
[memwatch 09-06 20:05:17] free 47% swap 0.07GB workers 12 stage train
[memwatch 09-06 20:06:17] free 49% swap 0.07GB workers 12 stage train
[memwatch 09-06 20:07:17] free 50% swap 0.07GB workers 12 stage train
[memwatch 09-06 20:08:17] free 52% swap 0.07GB workers 12 stage train
[memwatch 09-06 20:09:17] free 53% swap 0.07GB workers 12 stage train
[memwatch 09-06 20:10:17] free 47% swap 0.07GB workers 12 stage train
[memwatch 09-06 20:11:18] free 48% swap 0.07GB workers 12 stage train
[memwatch 09-06 20:12:18] free 51% swap 0.07GB workers 12 stage train
[memwatch 09-06 20:13:18] free 49% swap 0.07GB workers 12 stage train
[memwatch 09-06 20:14:18] free 49% swap 0.07GB workers 12 stage train
[memwatch 09-06 20:15:18] free 50% swap 0.07GB workers 12 stage train
[memwatch 09-06 20:16:18] free 45% swap 0.07GB workers 12 stage train
[memwatch 09-06 20:17:18] free 46% swap 0.07GB workers 12 stage train
[memwatch 09-06 20:18:18] free 48% swap 0.07GB workers 12 stage train
[memwatch 09-06 20:19:18] free 49% swap 0.07GB workers 12 stage train
[memwatch 09-06 20:20:19] free 45% swap 0.07GB workers 12 stage train
[memwatch 09-06 20:21:19] free 48% swap 0.07GB workers 12 stage train
[memwatch 09-06 20:22:19] free 48% swap 0.07GB workers 12 stage train
[memwatch 09-06 20:23:19] free 49% swap 0.07GB workers 12 stage train
[memwatch 09-06 20:24:19] free 50% swap 0.07GB workers 12 stage train
[memwatch 09-06 20:25:19] free 52% swap 0.07GB workers 12 stage train
[memwatch 09-06 20:26:19] free 49% swap 0.07GB workers 12 stage train
[memwatch 09-06 20:27:19] free 50% swap 0.07GB workers 12 stage train
[memwatch 09-06 20:28:19] free 47% swap 0.07GB workers 12 stage train
[memwatch 09-06 20:29:19] free 47% swap 0.07GB workers 12 stage train
[memwatch 09-06 20:30:19] free 45% swap 0.07GB workers 12 stage train
[memwatch 09-06 20:31:19] free 45% swap 0.07GB workers 12 stage train
[memwatch 09-06 20:32:19] free 44% swap 0.07GB workers 12 stage train
[memwatch 09-06 20:33:20] free 45% swap 0.07GB workers 12 stage train
[memwatch 09-06 20:34:20] free 46% swap 0.07GB workers 12 stage train
[memwatch 09-06 20:35:20] free 43% swap 0.07GB workers 12 stage train
[memwatch 09-06 20:36:20] free 48% swap 0.07GB workers 12 stage train
[memwatch 09-06 20:37:20] free 48% swap 0.07GB workers 12 stage train
[memwatch 09-06 20:38:20] free 38% swap 0.07GB workers 12 stage train
[memwatch 09-06 20:39:20] free 43% swap 0.07GB workers 12 stage train
[memwatch 09-06 20:40:20] free 43% swap 0.07GB workers 12 stage train
[memwatch 09-06 20:41:20] free 42% swap 0.07GB workers 12 stage train
[memwatch 09-06 20:42:20] free 42% swap 0.07GB workers 12 stage train
[memwatch 09-06 20:43:20] free 43% swap 0.07GB workers 12 stage train
[memwatch 09-06 20:44:21] free 45% swap 0.07GB workers 12 stage train
[memwatch 09-06 20:45:21] free 48% swap 0.07GB workers 12 stage train
[memwatch 09-06 20:46:21] free 44% swap 0.07GB workers 12 stage train
[memwatch 09-06 20:47:21] free 45% swap 0.07GB workers 12 stage train
[memwatch 09-06 20:48:21] free 44% swap 0.07GB workers 12 stage train
[memwatch 09-06 20:49:21] free 45% swap 0.07GB workers 12 stage train
[memwatch 09-06 20:50:21] free 37% swap 0.07GB workers 12 stage train
[memwatch 09-06 20:51:21] free 40% swap 0.07GB workers 12 stage train
[memwatch 09-06 20:52:21] free 40% swap 0.07GB workers 12 stage train
[memwatch 09-06 20:53:21] free 44% swap 0.17GB workers 12 stage train
[memwatch 09-06 20:54:22] free 46% swap 0.17GB workers 12 stage train
[memwatch 09-06 20:55:22] free 37% swap 0.17GB workers 12 stage train
[memwatch 09-06 20:56:22] free 41% swap 0.16GB workers 12 stage train
[memwatch 09-06 20:57:22] free 42% swap 0.16GB workers 12 stage train
[memwatch 09-06 20:58:22] free 36% swap 0.23GB workers 12 stage train
[memwatch 09-06 20:59:22] free 40% swap 0.38GB workers 12 stage train
[memwatch 09-06 21:00:22] free 40% swap 0.38GB workers 12 stage train
[memwatch 09-06 21:01:22] free 38% swap 0.89GB workers 12 stage train
[memwatch 09-06 21:02:22] free 40% swap 0.88GB workers 12 stage train
[memwatch 09-06 21:03:22] free 46% swap 0.88GB workers 12 stage train
[memwatch 09-06 21:04:22] free 43% swap 0.88GB workers 12 stage train
[memwatch 09-06 21:05:22] free 43% swap 0.88GB workers 12 stage train
[memwatch 09-06 21:06:22] free 38% swap 0.88GB workers 12 stage train
[memwatch 09-06 21:07:23] free 40% swap 0.88GB workers 12 stage train
[memwatch 09-06 21:08:23] free 42% swap 0.87GB workers 12 stage train
[memwatch 09-06 21:09:23] free 44% swap 0.87GB workers 12 stage train
[memwatch 09-06 21:10:23] free 45% swap 0.87GB workers 12 stage train
[memwatch 09-06 21:11:23] free 44% swap 0.87GB workers 12 stage train
[memwatch 09-06 21:12:23] free 45% swap 0.87GB workers 12 stage train
[memwatch 09-06 21:13:23] free 45% swap 0.87GB workers 12 stage train
[memwatch 09-06 21:14:23] free 42% swap 0.87GB workers 12 stage train
[memwatch 09-06 21:15:23] free 43% swap 0.87GB workers 12 stage train
[memwatch 09-06 21:16:24] free 42% swap 0.87GB workers 12 stage train
[memwatch 09-06 21:17:24] free 39% swap 0.91GB workers 12 stage train
[memwatch 09-06 21:18:24] free 39% swap 0.91GB workers 12 stage train
[memwatch 09-06 21:19:24] free 43% swap 0.87GB workers 12 stage train
[memwatch 09-06 21:20:24] free 45% swap 0.86GB workers 12 stage train
[memwatch 09-06 21:21:24] free 45% swap 0.86GB workers 12 stage train
[memwatch 09-06 21:22:24] free 42% swap 0.86GB workers 12 stage train
[memwatch 09-06 21:23:24] free 43% swap 0.86GB workers 12 stage train
[memwatch 09-06 21:24:24] free 41% swap 1.16GB workers 12 stage train
[memwatch 09-06 21:25:24] free 44% swap 1.11GB workers 12 stage train
[memwatch 09-06 21:26:24] free 44% swap 1.11GB workers 12 stage train
[memwatch 09-06 21:27:25] free 43% swap 0.94GB workers 12 stage train
[memwatch 09-06 21:28:25] free 44% swap 0.94GB workers 12 stage train
[memwatch 09-06 21:29:25] free 37% swap 1.12GB workers 12 stage train
[memwatch 09-06 21:30:25] free 40% swap 1.52GB workers 12 stage train
[memwatch 09-06 21:31:25] free 40% swap 1.50GB workers 12 stage train
[memwatch 09-06 21:32:25] free 40% swap 1.79GB workers 12 stage train
[memwatch 09-06 21:33:25] free 41% swap 1.78GB workers 12 stage train
[memwatch 09-06 21:34:25] free 39% swap 1.70GB workers 12 stage train
[memwatch 09-06 21:35:26] free 43% swap 1.56GB workers 12 stage train
[memwatch 09-06 21:36:26] free 44% swap 1.56GB workers 12 stage train
[memwatch 09-06 21:37:26] free 37% swap 1.56GB workers 12 stage train
[memwatch 09-06 21:38:26] free 39% swap 1.72GB workers 12 stage train
[memwatch 09-06 21:39:26] free 40% swap 1.71GB workers 12 stage train
[memwatch 09-06 21:40:26] free 40% swap 2.10GB workers 12 stage train
[memwatch 09-06 21:41:26] free 42% swap 2.07GB workers 12 stage train
[memwatch 09-06 21:42:26] free 39% swap 1.95GB workers 12 stage train
[memwatch 09-06 21:43:26] free 45% swap 1.80GB workers 12 stage train
[memwatch 09-06 21:44:26] free 45% swap 1.79GB workers 12 stage train
[memwatch 09-06 21:45:26] free 41% swap 2.28GB workers 12 stage train
[memwatch 09-06 21:46:26] free 42% swap 2.28GB workers 12 stage train
[memwatch 09-06 21:47:27] free 46% swap 1.89GB workers 12 stage train
[memwatch 09-06 21:48:27] free 38% swap 2.54GB workers 12 stage train
[memwatch 09-06 21:49:27] free 39% swap 2.52GB workers 12 stage train
[memwatch 09-06 21:50:27] free 43% swap 2.18GB workers 12 stage train
[memwatch 09-06 21:51:27] free 45% swap 2.18GB workers 12 stage train
[memwatch 09-06 21:52:27] free 46% swap 2.17GB workers 12 stage train
[memwatch 09-06 21:53:27] free 41% swap 2.16GB workers 12 stage train
[memwatch 09-06 21:54:27] free 42% swap 2.16GB workers 12 stage train
[memwatch 09-06 21:55:27] free 36% swap 2.27GB workers 12 stage train
[memwatch 09-06 21:56:27] free 44% swap 2.22GB workers 12 stage train
[memwatch 09-06 21:57:27] free 44% swap 2.22GB workers 12 stage train
[memwatch 09-06 21:58:28] free 41% swap 2.24GB workers 12 stage train
[memwatch 09-06 21:59:28] free 42% swap 2.23GB workers 12 stage train
[memwatch 09-06 22:00:28] free 37% swap 2.22GB workers 12 stage train
[memwatch 09-06 22:01:28] free 42% swap 2.49GB workers 12 stage train
[memwatch 09-06 22:02:28] free 42% swap 2.47GB workers 12 stage train
[memwatch 09-06 22:03:28] free 39% swap 2.66GB workers 12 stage train
[memwatch 09-06 22:04:28] free 42% swap 2.59GB workers 12 stage train
[memwatch 09-06 22:05:28] free 42% swap 2.57GB workers 12 stage train
[memwatch 09-06 22:06:28] free 42% swap 2.35GB workers 12 stage train
[memwatch 09-06 22:07:28] free 44% swap 2.34GB workers 12 stage train
[memwatch 09-06 22:08:28] free 38% swap 2.92GB workers 12 stage train
[memwatch 09-06 22:09:28] free 39% swap 3.24GB workers 12 stage train
[memwatch 09-06 22:09:28] RESTART: killing train (free 39% swap 3.24GB); the chain relaunches from checkpoint
[memwatch 09-06 22:10:25] started
[memwatch 09-06 22:10:25] free 92% swap 1.75GB workers 0 stage idle
[memwatch 09-06 22:11:25] free 92% swap 1.75GB workers 0 stage train
[memwatch 09-06 22:12:26] free 92% swap 1.74GB workers 0 stage train
[memwatch 09-06 22:13:26] free 92% swap 1.74GB workers 0 stage train
[memwatch 09-06 22:14:26] free 86% swap 1.72GB workers 12 stage train
[memwatch 09-06 22:15:26] free 80% swap 1.70GB workers 12 stage train
[memwatch 09-06 22:16:26] free 81% swap 1.68GB workers 12 stage train
[memwatch 09-06 22:17:26] free 81% swap 1.67GB workers 12 stage train
[memwatch 09-06 22:18:26] free 81% swap 1.66GB workers 12 stage train
[memwatch 09-06 22:19:26] free 80% swap 1.66GB workers 12 stage train
[memwatch 09-06 22:20:26] free 80% swap 1.66GB workers 12 stage train
[memwatch 09-06 22:21:26] free 79% swap 1.66GB workers 12 stage train
[memwatch 09-06 22:22:26] free 79% swap 1.66GB workers 12 stage train
[memwatch 09-06 22:23:26] free 74% swap 1.66GB workers 12 stage train
[memwatch 09-06 22:24:27] free 78% swap 1.66GB workers 12 stage train
[memwatch 09-06 22:25:27] free 79% swap 1.66GB workers 12 stage train
[memwatch 09-06 22:26:27] free 80% swap 1.66GB workers 12 stage train
[memwatch 09-06 22:27:27] free 80% swap 1.66GB workers 12 stage train
[memwatch 09-06 22:28:27] free 81% swap 1.66GB workers 12 stage train
[memwatch 09-06 22:29:27] free 81% swap 1.65GB workers 12 stage train
[memwatch 09-06 22:30:27] free 77% swap 1.64GB workers 12 stage train
[memwatch 09-06 22:31:27] free 78% swap 1.64GB workers 12 stage train
[memwatch 09-06 22:32:27] free 71% swap 1.64GB workers 12 stage train
[memwatch 09-06 22:33:27] free 76% swap 1.64GB workers 12 stage train
[memwatch 09-06 22:34:27] free 77% swap 1.64GB workers 12 stage train
[memwatch 09-06 22:35:27] free 77% swap 1.64GB workers 12 stage train
[memwatch 09-06 22:36:27] free 78% swap 1.64GB workers 12 stage train
[memwatch 09-06 22:37:27] free 79% swap 1.64GB workers 12 stage train
[memwatch 09-06 22:38:28] free 78% swap 1.64GB workers 12 stage train
[memwatch 09-06 22:39:28] free 73% swap 1.64GB workers 12 stage train
[memwatch 09-06 22:40:28] free 75% swap 1.64GB workers 12 stage train
[memwatch 09-06 22:41:28] free 69% swap 1.64GB workers 12 stage train
[memwatch 09-06 22:42:28] free 71% swap 1.62GB workers 12 stage train
[memwatch 09-06 22:43:28] free 72% swap 1.61GB workers 12 stage train
[memwatch 09-06 22:44:28] free 76% swap 1.61GB workers 12 stage train
[memwatch 09-06 22:45:28] free 75% swap 1.61GB workers 12 stage train
[memwatch 09-06 22:46:28] free 78% swap 1.61GB workers 12 stage train
[memwatch 09-06 22:47:28] free 75% swap 1.61GB workers 12 stage train
[memwatch 09-06 22:48:28] free 75% swap 1.61GB workers 12 stage train
[memwatch 09-06 22:49:28] free 76% swap 1.59GB workers 12 stage train
[memwatch 09-06 22:50:28] free 76% swap 1.57GB workers 12 stage train
[memwatch 09-06 22:51:28] free 73% swap 1.56GB workers 12 stage train
[memwatch 09-06 22:52:29] free 74% swap 1.56GB workers 12 stage train
[memwatch 09-06 22:53:29] free 72% swap 1.56GB workers 12 stage train
[memwatch 09-06 22:54:29] free 73% swap 1.56GB workers 12 stage train
[memwatch 09-06 22:55:29] free 70% swap 1.56GB workers 12 stage train
[memwatch 09-06 22:56:29] free 73% swap 1.56GB workers 12 stage train
[memwatch 09-06 22:57:29] free 68% swap 1.56GB workers 12 stage train
[memwatch 09-06 22:58:29] free 70% swap 1.56GB workers 12 stage train
[memwatch 09-06 22:59:29] free 64% swap 1.56GB workers 12 stage train
[memwatch 09-06 23:00:29] free 68% swap 1.56GB workers 12 stage train
[memwatch 09-06 23:01:29] free 66% swap 1.56GB workers 12 stage train
[memwatch 09-06 23:02:29] free 66% swap 1.56GB workers 12 stage train
[memwatch 09-06 23:03:29] free 70% swap 1.56GB workers 12 stage train
[memwatch 09-06 23:04:29] free 70% swap 1.56GB workers 12 stage train
[memwatch 09-06 23:05:30] free 67% swap 1.56GB workers 12 stage train
[memwatch 09-06 23:06:30] free 67% swap 1.56GB workers 12 stage train
[memwatch 09-06 23:07:30] free 68% swap 1.56GB workers 12 stage train
[memwatch 09-06 23:08:30] free 68% swap 1.56GB workers 12 stage train
[memwatch 09-06 23:09:30] free 63% swap 1.56GB workers 12 stage train
[memwatch 09-06 23:10:30] free 70% swap 1.56GB workers 12 stage train
[memwatch 09-06 23:11:30] free 70% swap 1.56GB workers 12 stage train
[memwatch 09-06 23:12:30] free 68% swap 1.56GB workers 12 stage train
[memwatch 09-06 23:13:30] free 67% swap 1.56GB workers 12 stage train
[memwatch 09-06 23:14:31] free 67% swap 1.56GB workers 12 stage train
[memwatch 09-06 23:15:31] free 66% swap 1.56GB workers 12 stage train
[memwatch 09-06 23:16:31] free 63% swap 1.56GB workers 12 stage train
[memwatch 09-06 23:17:31] free 66% swap 1.56GB workers 12 stage train
[memwatch 09-06 23:18:31] free 66% swap 1.55GB workers 12 stage train
[memwatch 09-06 23:19:31] free 63% swap 1.55GB workers 12 stage train
[memwatch 09-06 23:20:31] free 63% swap 1.55GB workers 12 stage train
[memwatch 09-06 23:21:31] free 65% swap 1.55GB workers 12 stage train
[memwatch 09-06 23:22:31] free 63% swap 1.55GB workers 12 stage train
[memwatch 09-06 23:23:31] free 59% swap 1.55GB workers 12 stage train
[memwatch 09-06 23:24:32] free 63% swap 1.54GB workers 12 stage train
[memwatch 09-06 23:25:32] free 61% swap 1.54GB workers 12 stage train
[memwatch 09-06 23:26:32] free 62% swap 1.54GB workers 12 stage train
[memwatch 09-06 23:27:32] free 62% swap 1.54GB workers 12 stage train
[memwatch 09-06 23:28:32] free 62% swap 1.54GB workers 12 stage train
[memwatch 09-06 23:29:32] free 62% swap 1.54GB workers 12 stage train
[memwatch 09-06 23:30:32] free 63% swap 1.54GB workers 12 stage train
[memwatch 09-06 23:31:32] free 57% swap 1.53GB workers 12 stage train
[memwatch 09-06 23:32:32] free 57% swap 1.53GB workers 12 stage train
[memwatch 09-06 23:33:32] free 59% swap 1.53GB workers 12 stage train
[memwatch 09-06 23:34:32] free 61% swap 1.53GB workers 12 stage train
[memwatch 09-06 23:35:33] free 59% swap 1.53GB workers 12 stage train
[memwatch 09-06 23:36:33] free 58% swap 1.53GB workers 12 stage train
[memwatch 09-06 23:37:33] free 58% swap 1.53GB workers 12 stage train
[memwatch 09-06 23:38:33] free 60% swap 1.53GB workers 12 stage train
[memwatch 09-06 23:39:33] free 58% swap 1.53GB workers 12 stage train
[memwatch 09-06 23:40:33] free 61% swap 1.53GB workers 12 stage train
[memwatch 09-06 23:41:33] free 58% swap 1.53GB workers 12 stage train
[memwatch 09-06 23:42:33] free 59% swap 1.53GB workers 12 stage train
[memwatch 09-06 23:43:33] free 59% swap 1.53GB workers 12 stage train
[memwatch 09-06 23:44:33] free 59% swap 1.53GB workers 12 stage train
[memwatch 09-06 23:45:33] free 60% swap 1.53GB workers 12 stage train
[memwatch 09-06 23:46:34] free 59% swap 1.53GB workers 12 stage train
[memwatch 09-06 23:47:34] free 58% swap 1.53GB workers 12 stage train
[memwatch 09-06 23:48:34] free 62% swap 1.53GB workers 12 stage train
[memwatch 09-06 23:49:34] free 63% swap 1.53GB workers 12 stage train
[memwatch 09-06 23:50:34] free 58% swap 1.53GB workers 12 stage train
[memwatch 09-06 23:51:34] free 57% swap 1.53GB workers 12 stage train
[memwatch 09-06 23:52:34] free 60% swap 1.53GB workers 12 stage train
[memwatch 09-06 23:53:34] free 61% swap 1.53GB workers 12 stage train
[memwatch 09-06 23:54:34] free 58% swap 1.53GB workers 12 stage train
[memwatch 09-06 23:55:34] free 58% swap 1.53GB workers 12 stage train
[memwatch 09-06 23:56:34] free 58% swap 1.53GB workers 12 stage train
[memwatch 09-06 23:57:35] free 59% swap 1.53GB workers 12 stage train
[memwatch 09-06 23:58:35] free 59% swap 1.53GB workers 12 stage train
[memwatch 09-06 23:59:35] free 56% swap 1.53GB workers 12 stage train
[memwatch 09-07 00:00:35] free 56% swap 1.38GB workers 12 stage train
[memwatch 09-07 00:01:35] free 57% swap 1.38GB workers 12 stage train
[memwatch 09-07 00:02:35] free 58% swap 1.38GB workers 12 stage train
[memwatch 09-07 00:03:35] free 56% swap 1.36GB workers 12 stage train
[memwatch 09-07 00:04:35] free 56% swap 1.36GB workers 12 stage train
[memwatch 09-07 00:05:35] free 54% swap 1.36GB workers 12 stage train
[memwatch 09-07 00:06:35] free 52% swap 1.36GB workers 12 stage train
[memwatch 09-07 00:07:35] free 55% swap 1.36GB workers 12 stage train
[memwatch 09-07 00:08:36] free 55% swap 1.36GB workers 12 stage train
[memwatch 09-07 00:09:36] free 58% swap 1.36GB workers 12 stage train
[memwatch 09-07 00:10:36] free 59% swap 1.36GB workers 12 stage train
[memwatch 09-07 00:11:36] free 54% swap 1.36GB workers 12 stage train
[memwatch 09-07 00:12:36] free 55% swap 1.36GB workers 12 stage train
[memwatch 09-07 00:13:36] free 56% swap 1.36GB workers 12 stage train
[memwatch 09-07 00:14:36] free 57% swap 1.36GB workers 12 stage train
[memwatch 09-07 00:15:36] free 54% swap 1.36GB workers 12 stage train
[memwatch 09-07 00:16:36] free 58% swap 1.36GB workers 12 stage train
[memwatch 09-07 00:17:36] free 55% swap 1.35GB workers 12 stage train
[memwatch 09-07 00:18:36] free 55% swap 1.35GB workers 12 stage train
[memwatch 09-07 00:19:36] free 54% swap 1.35GB workers 12 stage train
[memwatch 09-07 00:20:37] free 53% swap 1.35GB workers 12 stage train
[memwatch 09-07 00:21:37] free 60% swap 1.35GB workers 12 stage train
[memwatch 09-07 00:22:37] free 52% swap 1.35GB workers 12 stage train
[memwatch 09-07 00:23:37] free 91% swap 1.34GB workers 0 stage idle
[memwatch 09-07 00:24:37] free 91% swap 1.34GB workers 0 stage eval
[memwatch 09-07 00:25:37] free 91% swap 1.34GB workers 8 stage eval
[memwatch 09-07 00:26:37] free 91% swap 1.34GB workers 8 stage eval
[memwatch 09-07 00:27:37] free 91% swap 1.34GB workers 5 stage eval
[memwatch 09-07 00:28:37] free 91% swap 1.34GB workers 8 stage eval
[memwatch 09-07 00:29:37] free 91% swap 1.34GB workers 7 stage eval
[memwatch 09-07 00:30:38] free 91% swap 1.34GB workers 8 stage eval
[memwatch 09-07 00:31:38] free 91% swap 1.34GB workers 3 stage eval
[memwatch 09-07 00:32:38] free 91% swap 1.33GB workers 5 stage eval
[memwatch 09-07 00:33:38] free 91% swap 1.33GB workers 7 stage eval
[memwatch 09-07 00:34:38] free 91% swap 1.33GB workers 8 stage eval
[memwatch 09-07 00:35:38] free 91% swap 1.33GB workers 8 stage eval
[memwatch 09-07 00:36:38] free 91% swap 1.33GB workers 8 stage eval
[memwatch 09-07 00:37:38] free 91% swap 1.33GB workers 7 stage eval
[memwatch 09-07 00:38:38] free 91% swap 1.33GB workers 6 stage eval
[memwatch 09-07 00:39:38] free 91% swap 1.33GB workers 2 stage eval
[memwatch 09-07 00:40:38] free 91% swap 1.33GB workers 8 stage eval
[memwatch 09-07 00:41:38] free 91% swap 1.33GB workers 7 stage eval
[memwatch 09-07 00:42:38] free 91% swap 1.33GB workers 8 stage eval
[memwatch 09-07 00:43:39] free 91% swap 1.33GB workers 8 stage eval
[memwatch 09-07 00:44:39] free 91% swap 1.33GB workers 8 stage eval
[memwatch 09-07 00:45:39] free 91% swap 1.33GB workers 4 stage eval
[memwatch 09-07 00:46:39] free 91% swap 1.33GB workers 8 stage eval
[memwatch 09-07 00:47:39] free 91% swap 1.33GB workers 5 stage eval
[memwatch 09-07 00:48:39] free 91% swap 1.33GB workers 8 stage eval
[memwatch 09-07 00:49:39] free 91% swap 1.33GB workers 8 stage eval
[memwatch 09-07 00:50:39] free 91% swap 1.33GB workers 8 stage eval
[memwatch 09-07 00:51:39] free 91% swap 1.33GB workers 8 stage eval
[memwatch 09-07 00:52:39] free 91% swap 1.33GB workers 8 stage eval
[memwatch 09-07 00:53:39] free 91% swap 1.33GB workers 8 stage eval
[memwatch 09-07 00:54:39] free 91% swap 1.33GB workers 7 stage eval
[memwatch 09-07 00:55:39] free 91% swap 1.33GB workers 2 stage eval
[memwatch 09-07 00:56:39] free 91% swap 1.33GB workers 4 stage eval
[memwatch 09-07 00:57:40] free 91% swap 1.33GB workers 6 stage eval
[memwatch 09-07 00:58:40] free 91% swap 1.33GB workers 7 stage eval
[memwatch 09-07 00:59:40] free 91% swap 1.33GB workers 8 stage eval
[memwatch 09-07 01:00:40] free 91% swap 1.33GB workers 8 stage eval
[memwatch 09-07 01:01:40] free 91% swap 1.33GB workers 8 stage eval
[memwatch 09-07 01:02:40] free 91% swap 1.33GB workers 8 stage eval
[memwatch 09-07 01:03:40] free 91% swap 1.33GB workers 8 stage eval
[memwatch 09-07 01:04:40] free 91% swap 1.33GB workers 7 stage eval
[memwatch 09-07 01:05:40] free 91% swap 1.33GB workers 8 stage eval
[memwatch 09-07 01:06:40] free 91% swap 1.33GB workers 8 stage eval
[memwatch 09-07 01:07:40] free 92% swap 1.33GB workers 7 stage eval
[memwatch 09-07 01:08:40] free 91% swap 1.32GB workers 7 stage eval
[memwatch 09-07 01:09:40] free 91% swap 1.32GB workers 7 stage eval
[memwatch 09-07 01:10:41] free 91% swap 1.32GB workers 4 stage eval
[memwatch 09-07 01:11:41] free 91% swap 1.32GB workers 8 stage eval
[memwatch 09-07 01:12:41] free 91% swap 1.32GB workers 7 stage eval
[memwatch 09-07 01:13:41] free 91% swap 1.32GB workers 8 stage eval
[memwatch 09-07 01:14:41] free 91% swap 1.32GB workers 7 stage eval
[memwatch 09-07 01:15:41] free 91% swap 1.32GB workers 8 stage eval
[memwatch 09-07 01:16:41] free 91% swap 1.32GB workers 8 stage eval
[memwatch 09-07 01:17:41] free 91% swap 1.32GB workers 8 stage eval
[memwatch 09-07 01:18:41] free 92% swap 1.32GB workers 7 stage eval
[memwatch 09-07 01:19:41] free 91% swap 1.32GB workers 8 stage eval
[memwatch 09-07 01:20:41] free 91% swap 1.32GB workers 8 stage eval
[memwatch 09-07 01:21:41] free 91% swap 1.32GB workers 8 stage eval
[memwatch 09-07 01:22:41] free 91% swap 1.32GB workers 8 stage eval
[memwatch 09-07 01:23:41] free 91% swap 1.32GB workers 8 stage eval
[memwatch 09-07 01:24:42] free 91% swap 1.32GB workers 8 stage eval
[memwatch 09-07 01:25:42] free 91% swap 1.32GB workers 2 stage eval
[memwatch 09-07 01:26:42] free 91% swap 1.32GB workers 5 stage eval
[memwatch 09-07 01:27:42] free 91% swap 1.32GB workers 6 stage eval
[memwatch 09-07 01:28:42] free 91% swap 1.32GB workers 8 stage eval
[memwatch 09-07 01:29:42] free 91% swap 1.32GB workers 8 stage eval
[memwatch 09-07 01:30:42] free 92% swap 1.32GB workers 6 stage eval
[memwatch 09-07 01:31:42] free 91% swap 1.32GB workers 3 stage eval
[memwatch 09-07 01:32:42] chain finished; exiting
