[coadapt 01:02:24] verifying the accepted corpus identity and every payload
[coadapt 01:03:37] fresh lineage: setup init digest c0f532e75d80 (ckpt_1024 EMA c0f532e75d80), C1 init cfe60bb0cb34
[coadapt 01:05:45] [control] period 1/256: games 1141 (in flight 2551), c1 step 64, setup frozen, 120.54 s, bundle 2feec01b324e
[coadapt 01:05:46] period 1/256 in 129 s
[coadapt 01:05:52] verifying the accepted corpus identity and every payload
[coadapt 01:07:13] resumed from bundle_0001 at period 1
[coadapt 01:09:23] [control] period 2/256: games 2007 (in flight 2547), c1 step 128, setup frozen, 129.728 s
[coadapt 01:11:29] [control] period 3/256: games 1843 (in flight 2551), c1 step 192, setup frozen, 125.951 s
[coadapt 01:13:35] [control] period 4/256: games 1857 (in flight 2551), c1 step 256, setup frozen, 126.408 s
[coadapt 01:15:42] [control] period 5/256: games 1841 (in flight 2549), c1 step 320, setup frozen, 126.812 s
[coadapt 01:17:49] [control] period 6/256: games 1875 (in flight 2550), c1 step 384, setup frozen, 127.338 s
[coadapt 01:19:57] [control] period 7/256: games 1882 (in flight 2552), c1 step 448, setup frozen, 127.677 s
[coadapt 01:22:12] [control] period 8/256: games 1899 (in flight 2545), c1 step 512, setup frozen, 134.82 s
[coadapt 01:24:19] [control] period 9/256: games 1935 (in flight 2544), c1 step 576, setup frozen, 127.576 s
[coadapt 01:26:28] [control] period 10/256: games 1862 (in flight 2551), c1 step 640, setup frozen, 128.363 s
[coadapt 01:28:37] [control] period 11/256: games 1928 (in flight 2552), c1 step 704, setup frozen, 129.264 s
[coadapt 01:30:45] [control] period 12/256: games 1913 (in flight 2549), c1 step 768, setup frozen, 128.164 s
[coadapt 01:32:53] [control] period 13/256: games 1863 (in flight 2547), c1 step 832, setup frozen, 128.166 s
[coadapt 01:35:02] [control] period 14/256: games 1864 (in flight 2551), c1 step 896, setup frozen, 128.766 s
[coadapt 01:37:12] [control] period 15/256: games 1881 (in flight 2552), c1 step 960, setup frozen, 129.349 s
[coadapt 01:39:27] [control] period 16/256: games 1889 (in flight 2557), c1 step 1024, setup frozen, 135.368 s
[coadapt 01:41:37] [control] period 17/256: games 1845 (in flight 2549), c1 step 1088, setup frozen, 129.759 s
[coadapt 01:43:46] [control] period 18/256: games 1852 (in flight 2550), c1 step 1152, setup frozen, 129.189 s
[coadapt 01:45:55] [control] period 19/256: games 1885 (in flight 2556), c1 step 1216, setup frozen, 129.352 s
[coadapt 01:48:06] [control] period 20/256: games 1939 (in flight 2551), c1 step 1280, setup frozen, 130.903 s
[coadapt 01:50:17] [control] period 21/256: games 1911 (in flight 2552), c1 step 1344, setup frozen, 130.298 s
[coadapt 01:52:27] [control] period 22/256: games 1898 (in flight 2553), c1 step 1408, setup frozen, 130.445 s
[coadapt 01:54:37] [control] period 23/256: games 1909 (in flight 2548), c1 step 1472, setup frozen, 130.195 s
[coadapt 01:56:54] [control] period 24/256: games 1862 (in flight 2554), c1 step 1536, setup frozen, 136.573 s
[coadapt 01:59:05] [control] period 25/256: games 1871 (in flight 2554), c1 step 1600, setup frozen, 130.982 s
[coadapt 02:01:16] [control] period 26/256: games 1891 (in flight 2549), c1 step 1664, setup frozen, 130.796 s
[coadapt 02:03:27] [control] period 27/256: games 1901 (in flight 2554), c1 step 1728, setup frozen, 130.889 s
[coadapt 02:05:37] [control] period 28/256: games 1848 (in flight 2551), c1 step 1792, setup frozen, 129.675 s
[coadapt 02:07:48] [control] period 29/256: games 1894 (in flight 2548), c1 step 1856, setup frozen, 130.9 s
[coadapt 02:09:59] [control] period 30/256: games 1908 (in flight 2550), c1 step 1920, setup frozen, 131.407 s
[coadapt 02:12:11] [control] period 31/256: games 1882 (in flight 2552), c1 step 1984, setup frozen, 131.749 s
[coadapt 02:14:41] [control] period 32/256: games 1886 (in flight 2555), c1 step 2048, setup frozen, 136.123 s, bundle fc20a7799be6
[coadapt 02:16:53] [control] period 33/256: games 1928 (in flight 2546), c1 step 2112, setup frozen, 131.518 s
[coadapt 02:19:04] [control] period 34/256: games 1885 (in flight 2556), c1 step 2176, setup frozen, 131.006 s
[coadapt 02:21:15] [control] period 35/256: games 1889 (in flight 2552), c1 step 2240, setup frozen, 131.292 s
[coadapt 02:23:26] [control] period 36/256: games 1874 (in flight 2553), c1 step 2304, setup frozen, 131.207 s
[coadapt 02:25:38] [control] period 37/256: games 1843 (in flight 2549), c1 step 2368, setup frozen, 132.005 s
[coadapt 02:27:50] [control] period 38/256: games 1905 (in flight 2551), c1 step 2432, setup frozen, 131.898 s
[coadapt 02:30:02] [control] period 39/256: games 1871 (in flight 2550), c1 step 2496, setup frozen, 131.308 s
[coadapt 02:32:18] [control] period 40/256: games 1844 (in flight 2550), c1 step 2560, setup frozen, 136.139 s
[coadapt 02:34:30] [control] period 41/256: games 1892 (in flight 2553), c1 step 2624, setup frozen, 131.478 s
[coadapt 02:36:42] [control] period 42/256: games 1912 (in flight 2549), c1 step 2688, setup frozen, 131.939 s
[coadapt 02:38:53] [control] period 43/256: games 1837 (in flight 2553), c1 step 2752, setup frozen, 131.333 s
[coadapt 02:41:05] [control] period 44/256: games 1893 (in flight 2552), c1 step 2816, setup frozen, 131.515 s
[coadapt 02:43:16] [control] period 45/256: games 1890 (in flight 2550), c1 step 2880, setup frozen, 131.637 s
[coadapt 02:45:28] [control] period 46/256: games 1863 (in flight 2553), c1 step 2944, setup frozen, 131.655 s
[coadapt 02:47:45] [control] period 47/256: games 1845 (in flight 2551), c1 step 3008, setup frozen, 137.29 s
[coadapt 02:49:58] [control] period 48/256: games 1930 (in flight 2550), c1 step 3072, setup frozen, 132.904 s
[coadapt 02:52:10] [control] period 49/256: games 1884 (in flight 2547), c1 step 3136, setup frozen, 132.12 s
[coadapt 02:54:23] [control] period 50/256: games 1903 (in flight 2554), c1 step 3200, setup frozen, 132.171 s
[coadapt 02:56:35] [control] period 51/256: games 1884 (in flight 2549), c1 step 3264, setup frozen, 132.042 s
[coadapt 02:58:47] [control] period 52/256: games 1876 (in flight 2551), c1 step 3328, setup frozen, 131.691 s
[coadapt 03:00:59] [control] period 53/256: games 1838 (in flight 2551), c1 step 3392, setup frozen, 132.141 s
[coadapt 03:03:12] [control] period 54/256: games 1875 (in flight 2555), c1 step 3456, setup frozen, 132.682 s
[coadapt 03:05:29] [control] period 55/256: games 1861 (in flight 2554), c1 step 3520, setup frozen, 137.537 s
[coadapt 03:07:41] [control] period 56/256: games 1914 (in flight 2553), c1 step 3584, setup frozen, 131.967 s
[coadapt 03:09:54] [control] period 57/256: games 1873 (in flight 2547), c1 step 3648, setup frozen, 132.786 s
[coadapt 03:12:07] [control] period 58/256: games 1958 (in flight 2547), c1 step 3712, setup frozen, 132.919 s
[coadapt 03:14:20] [control] period 59/256: games 1904 (in flight 2550), c1 step 3776, setup frozen, 133.305 s
[coadapt 03:16:32] [control] period 60/256: games 1873 (in flight 2557), c1 step 3840, setup frozen, 131.885 s
[coadapt 03:18:45] [control] period 61/256: games 1858 (in flight 2556), c1 step 3904, setup frozen, 132.768 s
[coadapt 03:20:58] [control] period 62/256: games 1898 (in flight 2551), c1 step 3968, setup frozen, 132.827 s
[coadapt 03:23:16] [control] period 63/256: games 1836 (in flight 2553), c1 step 4032, setup frozen, 137.519 s
[coadapt 03:25:43] [control] period 64/256: games 1897 (in flight 2553), c1 step 4096, setup frozen, 132.746 s, bundle 772cd1fd353a
[coadapt 03:27:56] [control] period 65/256: games 1859 (in flight 2548), c1 step 4160, setup frozen, 132.826 s
[coadapt 03:30:09] [control] period 66/256: games 1818 (in flight 2552), c1 step 4224, setup frozen, 132.657 s
[coadapt 03:32:23] [control] period 67/256: games 1960 (in flight 2551), c1 step 4288, setup frozen, 134.546 s
[coadapt 03:34:37] [control] period 68/256: games 1898 (in flight 2548), c1 step 4352, setup frozen, 133.761 s
[coadapt 03:36:51] [control] period 69/256: games 1836 (in flight 2548), c1 step 4416, setup frozen, 133.754 s
[coadapt 03:39:06] [control] period 70/256: games 1902 (in flight 2548), c1 step 4480, setup frozen, 134.771 s
[coadapt 03:41:25] [control] period 71/256: games 1911 (in flight 2553), c1 step 4544, setup frozen, 139.032 s
[coadapt 03:43:39] [control] period 72/256: games 1840 (in flight 2553), c1 step 4608, setup frozen, 133.562 s
[coadapt 03:45:54] [control] period 73/256: games 1864 (in flight 2549), c1 step 4672, setup frozen, 135.072 s
[coadapt 03:48:10] [control] period 74/256: games 1867 (in flight 2552), c1 step 4736, setup frozen, 136.251 s
[coadapt 03:50:26] [control] period 75/256: games 1879 (in flight 2551), c1 step 4800, setup frozen, 135.316 s
[coadapt 03:52:42] [control] period 76/256: games 1885 (in flight 2556), c1 step 4864, setup frozen, 136.116 s
[coadapt 03:54:57] [control] period 77/256: games 1901 (in flight 2548), c1 step 4928, setup frozen, 135.149 s
[coadapt 03:57:12] [control] period 78/256: games 1870 (in flight 2550), c1 step 4992, setup frozen, 134.903 s
[coadapt 03:59:32] [control] period 79/256: games 1846 (in flight 2545), c1 step 5056, setup frozen, 139.877 s
[coadapt 04:01:48] [control] period 80/256: games 1864 (in flight 2549), c1 step 5120, setup frozen, 135.599 s
[coadapt 04:04:04] [control] period 81/256: games 1889 (in flight 2546), c1 step 5184, setup frozen, 135.848 s
[coadapt 04:06:20] [control] period 82/256: games 1848 (in flight 2552), c1 step 5248, setup frozen, 136.242 s
[coadapt 04:08:36] [control] period 83/256: games 1875 (in flight 2556), c1 step 5312, setup frozen, 135.865 s
[coadapt 04:10:54] [control] period 84/256: games 1949 (in flight 2546), c1 step 5376, setup frozen, 137.39 s
[coadapt 04:13:10] [control] period 85/256: games 1862 (in flight 2553), c1 step 5440, setup frozen, 136.093 s
[coadapt 04:15:31] [control] period 86/256: games 1869 (in flight 2547), c1 step 5504, setup frozen, 141.263 s
[coadapt 04:17:47] [control] period 87/256: games 1864 (in flight 2557), c1 step 5568, setup frozen, 135.465 s
[coadapt 04:20:03] [control] period 88/256: games 1908 (in flight 2552), c1 step 5632, setup frozen, 136.293 s
[coadapt 04:22:20] [control] period 89/256: games 1876 (in flight 2548), c1 step 5696, setup frozen, 136.777 s
[coadapt 04:24:39] [control] period 90/256: games 1913 (in flight 2547), c1 step 5760, setup frozen, 138.351 s
[coadapt 04:26:57] [control] period 91/256: games 1870 (in flight 2550), c1 step 5824, setup frozen, 138.133 s
[coadapt 04:29:15] [control] period 92/256: games 1856 (in flight 2552), c1 step 5888, setup frozen, 137.256 s
[coadapt 04:31:31] [control] period 93/256: games 1847 (in flight 2552), c1 step 5952, setup frozen, 136.191 s
[coadapt 04:33:54] [control] period 94/256: games 1928 (in flight 2554), c1 step 6016, setup frozen, 142.728 s
[coadapt 04:36:12] [control] period 95/256: games 1872 (in flight 2549), c1 step 6080, setup frozen, 138.103 s
[coadapt 04:38:44] [control] period 96/256: games 1903 (in flight 2544), c1 step 6144, setup frozen, 136.835 s, bundle 779562169788
[coadapt 04:41:00] [control] period 97/256: games 1925 (in flight 2551), c1 step 6208, setup frozen, 136.549 s
[coadapt 04:43:19] [control] period 98/256: games 1941 (in flight 2552), c1 step 6272, setup frozen, 138.181 s
[coadapt 04:45:37] [control] period 99/256: games 1925 (in flight 2547), c1 step 6336, setup frozen, 138.411 s
[coadapt 04:47:55] [control] period 100/256: games 1897 (in flight 2553), c1 step 6400, setup frozen, 137.796 s
[coadapt 04:50:14] [control] period 101/256: games 1913 (in flight 2548), c1 step 6464, setup frozen, 138.641 s
[coadapt 04:52:36] [control] period 102/256: games 1914 (in flight 2552), c1 step 6528, setup frozen, 142.148 s
[coadapt 04:54:53] [control] period 103/256: games 1877 (in flight 2556), c1 step 6592, setup frozen, 137.208 s
[coadapt 04:57:12] [control] period 104/256: games 1874 (in flight 2555), c1 step 6656, setup frozen, 138.746 s
[coadapt 04:59:31] [control] period 105/256: games 1903 (in flight 2545), c1 step 6720, setup frozen, 139.086 s
[coadapt 05:01:55] [control] period 106/256: games 1866 (in flight 2554), c1 step 6784, setup frozen, 143.077 s
[coadapt 05:04:15] [control] period 107/256: games 1922 (in flight 2554), c1 step 6848, setup frozen, 140.031 s
[coadapt 05:06:37] [control] period 108/256: games 1850 (in flight 2552), c1 step 6912, setup frozen, 141.784 s
[coadapt 05:08:56] [control] period 109/256: games 1879 (in flight 2550), c1 step 6976, setup frozen, 139.193 s
[coadapt 05:11:27] [control] period 110/256: games 1901 (in flight 2553), c1 step 7040, setup frozen, 150.995 s
[coadapt 05:13:48] [control] period 111/256: games 1895 (in flight 2555), c1 step 7104, setup frozen, 140.742 s
[coadapt 05:16:05] [control] period 112/256: games 1865 (in flight 2552), c1 step 7168, setup frozen, 136.266 s
[coadapt 05:18:26] [control] period 113/256: games 1902 (in flight 2550), c1 step 7232, setup frozen, 141.42 s
[coadapt 05:20:48] [control] period 114/256: games 1875 (in flight 2549), c1 step 7296, setup frozen, 141.397 s
[coadapt 05:23:07] [control] period 115/256: games 1930 (in flight 2553), c1 step 7360, setup frozen, 138.665 s
[coadapt 05:25:25] [control] period 116/256: games 1901 (in flight 2549), c1 step 7424, setup frozen, 138.461 s
[coadapt 05:27:47] [control] period 117/256: games 1910 (in flight 2551), c1 step 7488, setup frozen, 142.047 s
[coadapt 05:30:12] [control] period 118/256: games 1903 (in flight 2546), c1 step 7552, setup frozen, 144.641 s
[coadapt 05:32:31] [control] period 119/256: games 1841 (in flight 2555), c1 step 7616, setup frozen, 138.782 s
[coadapt 05:34:52] [control] period 120/256: games 1900 (in flight 2556), c1 step 7680, setup frozen, 141.142 s
[coadapt 05:37:14] [control] period 121/256: games 1908 (in flight 2547), c1 step 7744, setup frozen, 141.109 s
[coadapt 05:39:37] [control] period 122/256: games 1864 (in flight 2548), c1 step 7808, setup frozen, 143.266 s
[coadapt 05:41:57] [control] period 123/256: games 1938 (in flight 2554), c1 step 7872, setup frozen, 139.815 s
[coadapt 05:44:17] [control] period 124/256: games 1906 (in flight 2554), c1 step 7936, setup frozen, 140.153 s
[coadapt 05:46:45] [control] period 125/256: games 1874 (in flight 2548), c1 step 8000, setup frozen, 147.926 s
[coadapt 05:49:11] [control] period 126/256: games 1884 (in flight 2546), c1 step 8064, setup frozen, 145.698 s
[coadapt 05:51:32] [control] period 127/256: games 1897 (in flight 2554), c1 step 8128, setup frozen, 140.596 s
[coadapt 05:54:06] [control] period 128/256: games 1872 (in flight 2551), c1 step 8192, setup frozen, 138.77 s, bundle e70550a06df2
[coadapt 05:56:27] [control] period 129/256: games 1914 (in flight 2554), c1 step 8256, setup frozen, 141.129 s
[coadapt 05:58:48] [control] period 130/256: games 1878 (in flight 2551), c1 step 8320, setup frozen, 140.288 s
[coadapt 06:01:09] [control] period 131/256: games 1913 (in flight 2553), c1 step 8384, setup frozen, 141.165 s
[coadapt 06:03:33] [control] period 132/256: games 1874 (in flight 2553), c1 step 8448, setup frozen, 143.559 s
[coadapt 06:05:59] [control] period 133/256: games 1879 (in flight 2553), c1 step 8512, setup frozen, 146.337 s
[coadapt 06:08:23] [control] period 134/256: games 1887 (in flight 2549), c1 step 8576, setup frozen, 143.5 s
[coadapt 06:10:46] [control] period 135/256: games 1867 (in flight 2554), c1 step 8640, setup frozen, 143.078 s
[coadapt 06:13:10] [control] period 136/256: games 1889 (in flight 2552), c1 step 8704, setup frozen, 143.7 s
[coadapt 06:15:31] [control] period 137/256: games 1862 (in flight 2552), c1 step 8768, setup frozen, 140.543 s
[coadapt 06:17:56] [control] period 138/256: games 1871 (in flight 2552), c1 step 8832, setup frozen, 145.547 s
[coadapt 06:20:24] [control] period 139/256: games 1859 (in flight 2552), c1 step 8896, setup frozen, 147.742 s
[coadapt 06:22:54] [control] period 140/256: games 1850 (in flight 2549), c1 step 8960, setup frozen, 149.222 s
[coadapt 06:25:16] [control] period 141/256: games 1845 (in flight 2556), c1 step 9024, setup frozen, 142.585 s
[coadapt 06:27:36] [control] period 142/256: games 1893 (in flight 2553), c1 step 9088, setup frozen, 139.538 s
[coadapt 06:30:00] [control] period 143/256: games 1889 (in flight 2555), c1 step 9152, setup frozen, 143.552 s
[coadapt 06:32:23] [control] period 144/256: games 1869 (in flight 2547), c1 step 9216, setup frozen, 143.578 s
[coadapt 06:34:48] [control] period 145/256: games 1910 (in flight 2549), c1 step 9280, setup frozen, 144.91 s
[coadapt 06:37:07] [control] period 146/256: games 1838 (in flight 2545), c1 step 9344, setup frozen, 138.528 s
[coadapt 06:39:39] [control] period 147/256: games 1823 (in flight 2555), c1 step 9408, setup frozen, 151.737 s
[coadapt 06:42:11] [control] period 148/256: games 1951 (in flight 2548), c1 step 9472, setup frozen, 152.122 s
[coadapt 06:44:36] [control] period 149/256: games 1870 (in flight 2551), c1 step 9536, setup frozen, 144.825 s
[coadapt 06:47:04] [control] period 150/256: games 1897 (in flight 2553), c1 step 9600, setup frozen, 148.195 s
[coadapt 06:49:24] [control] period 151/256: games 1902 (in flight 2552), c1 step 9664, setup frozen, 139.206 s
[coadapt 06:51:55] [control] period 152/256: games 1829 (in flight 2551), c1 step 9728, setup frozen, 150.998 s
[coadapt 06:54:26] [control] period 153/256: games 1855 (in flight 2550), c1 step 9792, setup frozen, 150.651 s
[coadapt 06:56:43] [control] period 154/256: games 1849 (in flight 2547), c1 step 9856, setup frozen, 136.791 s
[coadapt 06:59:22] [control] period 155/256: games 1948 (in flight 2552), c1 step 9920, setup frozen, 159.022 s
[coadapt 07:02:06] [control] period 156/256: games 1931 (in flight 2550), c1 step 9984, setup frozen, 163.708 s
[coadapt 07:04:40] [control] period 157/256: games 1870 (in flight 2556), c1 step 10048, setup frozen, 153.796 s
[coadapt 07:07:03] [control] period 158/256: games 1899 (in flight 2551), c1 step 10112, setup frozen, 142.813 s
[coadapt 07:09:42] [control] period 159/256: games 1916 (in flight 2545), c1 step 10176, setup frozen, 159.34 s
[coadapt 07:12:36] [control] period 160/256: games 1843 (in flight 2553), c1 step 10240, setup frozen, 158.184 s, bundle 37da17081368
[coadapt 07:14:52] [control] period 161/256: games 1893 (in flight 2547), c1 step 10304, setup frozen, 135.841 s
[coadapt 07:17:25] [control] period 162/256: games 1852 (in flight 2554), c1 step 10368, setup frozen, 152.804 s
[coadapt 07:20:02] [control] period 163/256: games 1880 (in flight 2552), c1 step 10432, setup frozen, 157.012 s
[coadapt 07:22:27] [control] period 164/256: games 1856 (in flight 2550), c1 step 10496, setup frozen, 144.817 s
[coadapt 07:25:05] [control] period 165/256: games 1934 (in flight 2556), c1 step 10560, setup frozen, 158.384 s
[coadapt 07:27:35] [control] period 166/256: games 1935 (in flight 2546), c1 step 10624, setup frozen, 149.768 s
[coadapt 07:30:02] [control] period 167/256: games 1869 (in flight 2551), c1 step 10688, setup frozen, 146.142 s
[coadapt 07:32:28] [control] period 168/256: games 1897 (in flight 2549), c1 step 10752, setup frozen, 146.25 s
[coadapt 07:35:02] [control] period 169/256: games 1857 (in flight 2547), c1 step 10816, setup frozen, 153.498 s
[coadapt 07:37:40] [control] period 170/256: games 1895 (in flight 2546), c1 step 10880, setup frozen, 158.252 s
[coadapt 07:40:01] [control] period 171/256: games 1878 (in flight 2548), c1 step 10944, setup frozen, 140.842 s
[coadapt 07:42:43] [control] period 172/256: games 1855 (in flight 2555), c1 step 11008, setup frozen, 162.304 s
[coadapt 07:45:27] [control] period 173/256: games 1891 (in flight 2550), c1 step 11072, setup frozen, 162.913 s
[coadapt 07:47:48] [control] period 174/256: games 1852 (in flight 2556), c1 step 11136, setup frozen, 141.302 s
[coadapt 07:50:26] [control] period 175/256: games 1882 (in flight 2548), c1 step 11200, setup frozen, 157.414 s
[coadapt 07:53:03] [control] period 176/256: games 1910 (in flight 2550), c1 step 11264, setup frozen, 157.039 s
[coadapt 07:55:23] [control] period 177/256: games 1850 (in flight 2555), c1 step 11328, setup frozen, 140.158 s
[coadapt 07:57:59] [control] period 178/256: games 1919 (in flight 2551), c1 step 11392, setup frozen, 155.68 s
[coadapt 08:00:42] [control] period 179/256: games 1916 (in flight 2546), c1 step 11456, setup frozen, 162.514 s
[coadapt 08:03:09] [control] period 180/256: games 1851 (in flight 2547), c1 step 11520, setup frozen, 146.867 s
[coadapt 08:05:54] [control] period 181/256: games 1888 (in flight 2551), c1 step 11584, setup frozen, 165.39 s
[coadapt 08:08:38] [control] period 182/256: games 1899 (in flight 2551), c1 step 11648, setup frozen, 163.813 s
[coadapt 08:10:54] [control] period 183/256: games 1912 (in flight 2557), c1 step 11712, setup frozen, 136.049 s
[coadapt 08:13:44] [control] period 184/256: games 1855 (in flight 2554), c1 step 11776, setup frozen, 169.097 s
[coadapt 08:16:23] [control] period 185/256: games 1893 (in flight 2554), c1 step 11840, setup frozen, 159.024 s
[coadapt 08:18:38] [control] period 186/256: games 1836 (in flight 2553), c1 step 11904, setup frozen, 135.357 s
[coadapt 08:21:29] [control] period 187/256: games 1878 (in flight 2549), c1 step 11968, setup frozen, 170.643 s
[coadapt 08:24:16] [control] period 188/256: games 1918 (in flight 2553), c1 step 12032, setup frozen, 166.493 s
[coadapt 08:26:34] [control] period 189/256: games 1901 (in flight 2555), c1 step 12096, setup frozen, 138.039 s
[coadapt 08:29:23] [control] period 190/256: games 1875 (in flight 2548), c1 step 12160, setup frozen, 169.144 s
[coadapt 08:31:44] [control] period 191/256: games 1877 (in flight 2551), c1 step 12224, setup frozen, 140.335 s
[coadapt 08:34:36] [control] period 192/256: games 1920 (in flight 2549), c1 step 12288, setup frozen, 157.132 s, bundle 3e520efd8df8
[coadapt 08:37:20] [control] period 193/256: games 1907 (in flight 2547), c1 step 12352, setup frozen, 163.854 s
[coadapt 08:39:43] [control] period 194/256: games 1912 (in flight 2549), c1 step 12416, setup frozen, 143.27 s
[coadapt 08:42:25] [control] period 195/256: games 1878 (in flight 2555), c1 step 12480, setup frozen, 161.457 s
[coadapt 08:44:56] [control] period 196/256: games 1892 (in flight 2552), c1 step 12544, setup frozen, 150.826 s
[coadapt 08:47:27] [control] period 197/256: games 1866 (in flight 2550), c1 step 12608, setup frozen, 151.35 s
[coadapt 08:50:03] [control] period 198/256: games 1928 (in flight 2554), c1 step 12672, setup frozen, 155.264 s
[coadapt 08:52:32] [control] period 199/256: games 1926 (in flight 2547), c1 step 12736, setup frozen, 149.283 s
[coadapt 08:55:05] [control] period 200/256: games 1893 (in flight 2551), c1 step 12800, setup frozen, 152.296 s
[coadapt 08:57:32] [control] period 201/256: games 1886 (in flight 2554), c1 step 12864, setup frozen, 147.212 s
[coadapt 09:00:08] [control] period 202/256: games 1880 (in flight 2552), c1 step 12928, setup frozen, 155.433 s
[coadapt 09:02:45] [control] period 203/256: games 1870 (in flight 2549), c1 step 12992, setup frozen, 157.479 s
[coadapt 09:05:19] [control] period 204/256: games 1874 (in flight 2553), c1 step 13056, setup frozen, 153.317 s
[coadapt 09:07:54] [control] period 205/256: games 1885 (in flight 2549), c1 step 13120, setup frozen, 154.648 s
[coadapt 09:10:35] [control] period 206/256: games 1866 (in flight 2554), c1 step 13184, setup frozen, 160.735 s
[coadapt 09:13:10] [control] period 207/256: games 1858 (in flight 2549), c1 step 13248, setup frozen, 154.902 s
[coadapt 09:15:44] [control] period 208/256: games 1895 (in flight 2553), c1 step 13312, setup frozen, 154.505 s
[coadapt 09:18:21] [control] period 209/256: games 1873 (in flight 2551), c1 step 13376, setup frozen, 156.658 s
[coadapt 09:20:57] [control] period 210/256: games 1873 (in flight 2553), c1 step 13440, setup frozen, 156.07 s
[coadapt 09:23:33] [control] period 211/256: games 1888 (in flight 2555), c1 step 13504, setup frozen, 154.926 s
[coadapt 09:26:17] [control] period 212/256: games 1912 (in flight 2554), c1 step 13568, setup frozen, 164.606 s
[coadapt 09:28:50] [control] period 213/256: games 1807 (in flight 2552), c1 step 13632, setup frozen, 152.485 s
[coadapt 09:31:28] [control] period 214/256: games 1897 (in flight 2554), c1 step 13696, setup frozen, 158.038 s
[coadapt 09:34:08] [control] period 215/256: games 1944 (in flight 2545), c1 step 13760, setup frozen, 159.329 s
[coadapt 09:36:43] [control] period 216/256: games 1851 (in flight 2552), c1 step 13824, setup frozen, 154.838 s
[coadapt 09:39:34] [control] period 217/256: games 1884 (in flight 2547), c1 step 13888, setup frozen, 170.777 s
[coadapt 09:42:02] [control] period 218/256: games 1936 (in flight 2550), c1 step 13952, setup frozen, 147.388 s
[coadapt 09:45:06] [control] period 219/256: games 1853 (in flight 2552), c1 step 14016, setup frozen, 184.7 s
[coadapt 09:47:36] [control] period 220/256: games 1923 (in flight 2554), c1 step 14080, setup frozen, 148.574 s
[coadapt 09:50:29] [control] period 221/256: games 1810 (in flight 2551), c1 step 14144, setup frozen, 173.202 s
[coadapt 09:53:08] [control] period 222/256: games 1965 (in flight 2548), c1 step 14208, setup frozen, 158.99 s
[coadapt 09:55:44] [control] period 223/256: games 1898 (in flight 2545), c1 step 14272, setup frozen, 155.456 s
[coadapt 09:58:57] [control] period 224/256: games 1861 (in flight 2553), c1 step 14336, setup frozen, 175.342 s, bundle 85aa1b66d0e8
[coadapt 10:01:11] [control] period 225/256: games 1842 (in flight 2548), c1 step 14400, setup frozen, 134.488 s
[coadapt 10:04:26] [control] period 226/256: games 1892 (in flight 2552), c1 step 14464, setup frozen, 194.722 s
[coadapt 10:06:51] [control] period 227/256: games 1881 (in flight 2549), c1 step 14528, setup frozen, 144.641 s
[coadapt 10:09:40] [control] period 228/256: games 1897 (in flight 2547), c1 step 14592, setup frozen, 168.544 s
[coadapt 10:12:33] [control] period 229/256: games 1925 (in flight 2554), c1 step 14656, setup frozen, 173.283 s
[coadapt 10:15:06] [control] period 230/256: games 1855 (in flight 2547), c1 step 14720, setup frozen, 151.627 s
[coadapt 10:18:20] [control] period 231/256: games 1847 (in flight 2549), c1 step 14784, setup frozen, 194.078 s
[coadapt 10:20:41] [control] period 232/256: games 1921 (in flight 2554), c1 step 14848, setup frozen, 140.359 s
[coadapt 10:24:01] [control] period 233/256: games 1921 (in flight 2545), c1 step 14912, setup frozen, 199.627 s
[coadapt 10:26:39] [control] period 234/256: games 1930 (in flight 2551), c1 step 14976, setup frozen, 156.981 s
[coadapt 10:29:22] [control] period 235/256: games 1846 (in flight 2546), c1 step 15040, setup frozen, 162.75 s
[coadapt 10:32:06] [control] period 236/256: games 1914 (in flight 2553), c1 step 15104, setup frozen, 163.793 s
[coadapt 10:34:53] [control] period 237/256: games 1868 (in flight 2553), c1 step 15168, setup frozen, 167.382 s
[coadapt 10:37:54] [control] period 238/256: games 1852 (in flight 2546), c1 step 15232, setup frozen, 180.375 s
[coadapt 10:40:41] [control] period 239/256: games 1926 (in flight 2549), c1 step 15296, setup frozen, 166.282 s
[coadapt 10:44:04] [control] period 240/256: games 1840 (in flight 2550), c1 step 15360, setup frozen, 203.351 s
[coadapt 10:46:46] [control] period 241/256: games 1903 (in flight 2548), c1 step 15424, setup frozen, 161.119 s
[coadapt 10:49:38] [control] period 242/256: games 1880 (in flight 2552), c1 step 15488, setup frozen, 172.432 s
[coadapt 10:52:23] [control] period 243/256: games 1928 (in flight 2558), c1 step 15552, setup frozen, 164.324 s
[coadapt 10:55:17] [control] period 244/256: games 1864 (in flight 2551), c1 step 15616, setup frozen, 173.588 s
[coadapt 10:58:32] [control] period 245/256: games 1869 (in flight 2552), c1 step 15680, setup frozen, 194.797 s
[coadapt 11:01:15] [control] period 246/256: games 1879 (in flight 2556), c1 step 15744, setup frozen, 163.1 s
[coadapt 11:04:23] [control] period 247/256: games 1845 (in flight 2549), c1 step 15808, setup frozen, 187.314 s
[coadapt 11:06:57] [control] period 248/256: games 1909 (in flight 2551), c1 step 15872, setup frozen, 152.805 s
[coadapt 11:10:04] [control] period 249/256: games 1929 (in flight 2553), c1 step 15936, setup frozen, 186.893 s
[coadapt 11:12:54] [control] period 250/256: games 1876 (in flight 2552), c1 step 16000, setup frozen, 169.038 s
[coadapt 11:16:03] [control] period 251/256: games 1860 (in flight 2550), c1 step 16064, setup frozen, 188.763 s
[coadapt 11:19:36] verifying the accepted corpus identity and every payload
[coadapt 11:21:11] resumed from bundle_0224 at period 224
[coadapt 11:21:11] archived later progress under /Users/brandonwashington/Dev/Github/stratego/gpt_agent/output/phase18/runtime/addendum_coadapt/runtime/control/archive/20260905T152055Z_after_bundle_0224
[coadapt 11:23:28] [control] period 225/256: games 1842 (in flight 2548), c1 step 14400, setup frozen, 137.706 s
[coadapt 11:25:37] [control] period 226/256: games 1892 (in flight 2552), c1 step 14464, setup frozen, 129.075 s
[coadapt 11:27:55] [control] period 227/256: games 1881 (in flight 2549), c1 step 14528, setup frozen, 137.741 s
